
> cost-smart@0.1.0 build /app
> next build

   ▲ Next.js 16.0.10 (Turbopack)

   Creating an optimized production build ...

> Build error occurred
Error: Turbopack build failed with 56 errors:
./app/blog/how-to-use-break-even-calculator/page.tsx:2:1
Export default doesn't exist in target module
[0m [90m 1 |[39m [36mimport[39m { [33mMetadata[39m } [36mfrom[39m [32m'next'[39m[33m;[39m
[31m[1m>[22m[39m[90m 2 |[39m [36mimport[39m [33mBlogLayout[39m [36mfrom[39m [32m'@/components/blog/BlogLayout'[39m[33m;[39m
 [90m   |[39m [31m[1m^[22m[39m[31m[1m^[22m[39m[31m[1m^[22m[39m[31m[1m^[22m[39m[31m[1m^[22m[39m[31m[1m^[22m[39m[31m[1m^[22m[39m[31m[1m^[22m[39m[31m[1m^[22m[39m[31m[1m^[22m[39m[31m[1m^[22m[39m[31m[1m^[22m[39m[31m[1m^[22m[39m[31m[1m^[22m[39m[31m[1m^[22m[39m[31m[1m^[22m[39m[31m[1m^[22m[39m[31m[1m^[22m[39m[31m[1m^[22m[39m[31m[1m^[22m[39m[31m[1m^[22m[39m[31m[1m^[22m[39m[31m[1m^[22m[39m[31m[1m^[22m[39m[31m[1m^[22m[39m[31m[1m^[22m[39m[31m[1m^[22m[39m[31m[1m^[22m[39m[31m[1m^[22m[39m[31m[1m^[22m[39m[31m[1m^[22m[39m[31m[1m^[22m[39m[31m[1m^[22m[39m[31m[1m^[22m[39m[31m[1m^[22m[39m[31m[1m^[22m[39m[31m[1m^[22m[39m[31m[1m^[22m[39m[31m[1m^[22m[39m[31m[1m^[22m[39m[31m[1m^[22m[39m[31m[1m^[22m[39m[31m[1m^[22m[39m[31m[1m^[22m[39m[31m[1m^[22m[39m[31m[1m^[22m[39m[31m[1m^[22m[39m[31m[1m^[22m[39m[31m[1m^[22m[39m[31m[1m^[22m[39m[31m[1m^[22m[39m[31m[1m^[22m[39m[31m[1m^[22m[39m[31m[1m^[22m[39m
 [90m 3 |[39m
 [90m 4 |[39m [36mexport[39m [36mconst[39m metadata[33m:[39m [33mMetadata[39m [33m=[39m {
 [90m 5 |[39m   title[33m:[39m [32m'How to use the Break-Even Calculator | CostSmart Guide'[39m[33m,[39m[0m

The export default was not found in module [project]/components/blog/BlogLayout.tsx [app-rsc] (ecmascript).
Did you mean to import BlogLayout?
All exports of the module are statically known (It doesn't have dynamic exports). So it's known statically that the requested export doesn't exist.


./app/blog/how-to-use-business-loan-calculator/page.tsx:2:1
Export default doesn't exist in target module
[0m [90m 1 |[39m [36mimport[39m { [33mMetadata[39m } [36mfrom[39m [32m'next'[39m[33m;[39m
[31m[1m>[22m[39m[90m 2 |[39m [36mimport[39m [33mBlogLayout[39m [36mfrom[39m [32m'@/components/blog/BlogLayout'[39m[33m;[39m
 [90m   |[39m [31m[1m^[22m[39m[31m[1m^[22m[39m[31m[1m^[22m[39m[31m[1m^[22m[39m[31m[1m^[22m[39m[31m[1m^[22m[39m[31m[1m^[22m[39m[31m[1m^[22m[39m[31m[1m^[22m[39m[31m[1m^[22m[39m[31m[1m^[22m[39m[31m[1m^[22m[39m[31m[1m^[22m[39m[31m[1m^[22m[39m[31m[1m^[22m[39m[31m[1m^[22m[39m[31m[1m^[22m[39m[31m[1m^[22m[39m[31m[1m^[22m[39m[31m[1m^[22m[39m[31m[1m^[22m[39m[31m[1m^[22m[39m[31m[1m^[22m[39m[31m[1m^[22m[39m[31m[1m^[22m[39m[31m[1m^[22m[39m[31m[1m^[22m[39m[31m[1m^[22m[39m[31m[1m^[22m[39m[31m[1m^[22m[39m[31m[1m^[22m[39m[31m[1m^[22m[39m[31m[1m^[22m[39m[31m[1m^[22m[39m[31m[1m^[22m[39m[31m[1m^[22m[39m[31m[1m^[22m[39m[31m[1m^[22m[39m[31m[1m^[22m[39m[31m[1m^[22m[39m[31m[1m^[22m[39m[31m[1m^[22m[39m[31m[1m^[22m[39m[31m[1m^[22m[39m[31m[1m^[22m[39m[31m[1m^[22m[39m[31m[1m^[22m[39m[31m[1m^[22m[39m[31m[1m^[22m[39m[31m[1m^[22m[39m[31m[1m^[22m[39m[31m[1m^[22m[39m[31m[1m^[22m[39m[31m[1m^[22m[39m
 [90m 3 |[39m
 [90m 4 |[39m [36mexport[39m [36mconst[39m metadata[33m:[39m [33mMetadata[39m [33m=[39m {
 [90m 5 |[39m   title[33m:[39m [32m'How to use the Business Loan Calculator | CostSmart Guide'[39m[33m,[39m[0m

The export default was not found in module [project]/components/blog/BlogLayout.tsx [app-rsc] (ecmascript).
Did you mean to import BlogLayout?
All exports of the module are statically known (It doesn't have dynamic exports). So it's known statically that the requested export doesn't exist.


./app/blog/how-to-use-currency-converter/page.tsx:2:1
Export default doesn't exist in target module
[0m [90m 1 |[39m [36mimport[39m { [33mMetadata[39m } [36mfrom[39m [32m'next'[39m[33m;[39m
[31m[1m>[22m[39m[90m 2 |[39m [36mimport[39m [33mBlogLayout[39m [36mfrom[39m [32m'@/components/blog/BlogLayout'[39m[33m;[39m
 [90m   |[39m [31m[1m^[22m[39m[31m[1m^[22m[39m[31m[1m^[22m[39m[31m[1m^[22m[39m[31m[1m^[22m[39m[31m[1m^[22m[39m[31m[1m^[22m[39m[31m[1m^[22m[39m[31m[1m^[22m[39m[31m[1m^[22m[39m[31m[1m^[22m[39m[31m[1m^[22m[39m[31m[1m^[22m[39m[31m[1m^[22m[39m[31m[1m^[22m[39m[31m[1m^[22m[39m[31m[1m^[22m[39m[31m[1m^[22m[39m[31m[1m^[22m[39m[31m[1m^[22m[39m[31m[1m^[22m[39m[31m[1m^[22m[39m[31m[1m^[22m[39m[31m[1m^[22m[39m[31m[1m^[22m[39m[31m[1m^[22m[39m[31m[1m^[22m[39m[31m[1m^[22m[39m[31m[1m^[22m[39m[31m[1m^[22m[39m[31m[1m^[22m[39m[31m[1m^[22m[39m[31m[1m^[22m[39m[31m[1m^[22m[39m[31m[1m^[22m[39m[31m[1m^[22m[39m[31m[1m^[22m[39m[31m[1m^[22m[39m[31m[1m^[22m[39m[31m[1m^[22m[39m[31m[1m^[22m[39m[31m[1m^[22m[39m[31m[1m^[22m[39m[31m[1m^[22m[39m[31m[1m^[22m[39m[31m[1m^[22m[39m[31m[1m^[22m[39m[31m[1m^[22m[39m[31m[1m^[22m[39m[31m[1m^[22m[39m[31m[1m^[22m[39m[31m[1m^[22m[39m[31m[1m^[22m[39m[31m[1m^[22m[39m
 [90m 3 |[39m
 [90m 4 |[39m [36mexport[39m [36mconst[39m metadata[33m:[39m [33mMetadata[39m [33m=[39m {
 [90m 5 |[39m   title[33m:[39m [32m'How to use the Currency Converter | CostSmart Guide'[39m[33m,[39m[0m

The export default was not found in module [project]/components/blog/BlogLayout.tsx [app-rsc] (ecmascript).
Did you mean to import BlogLayout?
All exports of the module are statically known (It doesn't have dynamic exports). So it's known statically that the requested export doesn't exist.


./app/blog/how-to-use-debt-payoff-calculator/page.tsx:2:1
Export default doesn't exist in target module
[0m [90m 1 |[39m [36mimport[39m { [33mMetadata[39m } [36mfrom[39m [32m'next'[39m[33m;[39m
[31m[1m>[22m[39m[90m 2 |[39m [36mimport[39m [33mBlogLayout[39m [36mfrom[39m [32m'@/components/blog/BlogLayout'[39m[33m;[39m
 [90m   |[39m [31m[1m^[22m[39m[31m[1m^[22m[39m[31m[1m^[22m[39m[31m[1m^[22m[39m[31m[1m^[22m[39m[31m[1m^[22m[39m[31m[1m^[22m[39m[31m[1m^[22m[39m[31m[1m^[22m[39m[31m[1m^[22m[39m[31m[1m^[22m[39m[31m[1m^[22m[39m[31m[1m^[22m[39m[31m[1m^[22m[39m[31m[1m^[22m[39m[31m[1m^[22m[39m[31m[1m^[22m[39m[31m[1m^[22m[39m[31m[1m^[22m[39m[31m[1m^[22m[39m[31m[1m^[22m[39m[31m[1m^[22m[39m[31m[1m^[22m[39m[31m[1m^[22m[39m[31m[1m^[22m[39m[31m[1m^[22m[39m[31m[1m^[22m[39m[31m[1m^[22m[39m[31m[1m^[22m[39m[31m[1m^[22m[39m[31m[1m^[22m[39m[31m[1m^[22m[39m[31m[1m^[22m[39m[31m[1m^[22m[39m[31m[1m^[22m[39m[31m[1m^[22m[39m[31m[1m^[22m[39m[31m[1m^[22m[39m[31m[1m^[22m[39m[31m[1m^[22m[39m[31m[1m^[22m[39m[31m[1m^[22m[39m[31m[1m^[22m[39m[31m[1m^[22m[39m[31m[1m^[22m[39m[31m[1m^[22m[39m[31m[1m^[22m[39m[31m[1m^[22m[39m[31m[1m^[22m[39m[31m[1m^[22m[39m[31m[1m^[22m[39m[31m[1m^[22m[39m[31m[1m^[22m[39m[31m[1m^[22m[39m
 [90m 3 |[39m
 [90m 4 |[39m [36mexport[39m [36mconst[39m metadata[33m:[39m [33mMetadata[39m [33m=[39m {
 [90m 5 |[39m   title[33m:[39m [32m'How to use the Debt Payoff Calculator | CostSmart Guide'[39m[33m,[39m[0m

The export default was not found in module [project]/components/blog/BlogLayout.tsx [app-rsc] (ecmascript).
Did you mean to import BlogLayout?
All exports of the module are statically known (It doesn't have dynamic exports). So it's known statically that the requested export doesn't exist.


./app/blog/how-to-use-electricity-bill-calculator/page.tsx:2:1
Export default doesn't exist in target module
[0m [90m 1 |[39m [36mimport[39m { [33mMetadata[39m } [36mfrom[39m [32m'next'[39m[33m;[39m
[31m[1m>[22m[39m[90m 2 |[39m [36mimport[39m [33mBlogLayout[39m [36mfrom[39m [32m'@/components/blog/BlogLayout'[39m[33m;[39m
 [90m   |[39m [31m[1m^[22m[39m[31m[1m^[22m[39m[31m[1m^[22m[39m[31m[1m^[22m[39m[31m[1m^[22m[39m[31m[1m^[22m[39m[31m[1m^[22m[39m[31m[1m^[22m[39m[31m[1m^[22m[39m[31m[1m^[22m[39m[31m[1m^[22m[39m[31m[1m^[22m[39m[31m[1m^[22m[39m[31m[1m^[22m[39m[31m[1m^[22m[39m[31m[1m^[22m[39m[31m[1m^[22m[39m[31m[1m^[22m[39m[31m[1m^[22m[39m[31m[1m^[22m[39m[31m[1m^[22m[39m[31m[1m^[22m[39m[31m[1m^[22m[39m[31m[1m^[22m[39m[31m[1m^[22m[39m[31m[1m^[22m[39m[31m[1m^[22m[39m[31m[1m^[22m[39m[31m[1m^[22m[39m[31m[1m^[22m[39m[31m[1m^[22m[39m[31m[1m^[22m[39m[31m[1m^[22m[39m[31m[1m^[22m[39m[31m[1m^[22m[39m[31m[1m^[22m[39m[31m[1m^[22m[39m[31m[1m^[22m[39m[31m[1m^[22m[39m[31m[1m^[22m[39m[31m[1m^[22m[39m[31m[1m^[22m[39m[31m[1m^[22m[39m[31m[1m^[22m[39m[31m[1m^[22m[39m[31m[1m^[22m[39m[31m[1m^[22m[39m[31m[1m^[22m[39m[31m[1m^[22m[39m[31m[1m^[22m[39m[31m[1m^[22m[39m[31m[1m^[22m[39m[31m[1m^[22m[39m[31m[1m^[22m[39m
 [90m 3 |[39m
 [90m 4 |[39m [36mexport[39m [36mconst[39m metadata[33m:[39m [33mMetadata[39m [33m=[39m {
 [90m 5 |[39m   title[33m:[39m [32m'How to use the Electricity Bill Calculator | CostSmart Guide'[39m[33m,[39m[0m

The export default was not found in module [project]/components/blog/BlogLayout.tsx [app-rsc] (ecmascript).
Did you mean to import BlogLayout?
All exports of the module are statically known (It doesn't have dynamic exports). So it's known statically that the requested export doesn't exist.


./app/blog/how-to-use-emergency-fund-calculator/page.tsx:2:1
Export default doesn't exist in target module
[0m [90m 1 |[39m [36mimport[39m { [33mMetadata[39m } [36mfrom[39m [32m'next'[39m[33m;[39m
[31m[1m>[22m[39m[90m 2 |[39m [36mimport[39m [33mBlogLayout[39m [36mfrom[39m [32m'@/components/blog/BlogLayout'[39m[33m;[39m
 [90m   |[39m [31m[1m^[22m[39m[31m[1m^[22m[39m[31m[1m^[22m[39m[31m[1m^[22m[39m[31m[1m^[22m[39m[31m[1m^[22m[39m[31m[1m^[22m[39m[31m[1m^[22m[39m[31m[1m^[22m[39m[31m[1m^[22m[39m[31m[1m^[22m[39m[31m[1m^[22m[39m[31m[1m^[22m[39m[31m[1m^[22m[39m[31m[1m^[22m[39m[31m[1m^[22m[39m[31m[1m^[22m[39m[31m[1m^[22m[39m[31m[1m^[22m[39m[31m[1m^[22m[39m[31m[1m^[22m[39m[31m[1m^[22m[39m[31m[1m^[22m[39m[31m[1m^[22m[39m[31m[1m^[22m[39m[31m[1m^[22m[39m[31m[1m^[22m[39m[31m[1m^[22m[39m[31m[1m^[22m[39m[31m[1m^[22m[39m[31m[1m^[22m[39m[31m[1m^[22m[39m[31m[1m^[22m[39m[31m[1m^[22m[39m[31m[1m^[22m[39m[31m[1m^[22m[39m[31m[1m^[22m[39m[31m[1m^[22m[39m[31m[1m^[22m[39m[31m[1m^[22m[39m[31m[1m^[22m[39m[31m[1m^[22m[39m[31m[1m^[22m[39m[31m[1m^[22m[39m[31m[1m^[22m[39m[31m[1m^[22m[39m[31m[1m^[22m[39m[31m[1m^[22m[39m[31m[1m^[22m[39m[31m[1m^[22m[39m[31m[1m^[22m[39m[31m[1m^[22m[39m[31m[1m^[22m[39m[31m[1m^[22m[39m
 [90m 3 |[39m
 [90m 4 |[39m [36mexport[39m [36mconst[39m metadata[33m:[39m [33mMetadata[39m [33m=[39m {
 [90m 5 |[39m   title[33m:[39m [32m'How to use the Emergency Fund Calculator | CostSmart Guide'[39m[33m,[39m[0m

The export default was not found in module [project]/components/blog/BlogLayout.tsx [app-rsc] (ecmascript).
Did you mean to import BlogLayout?
All exports of the module are statically known (It doesn't have dynamic exports). So it's known statically that the requested export doesn't exist.


./app/blog/how-to-use-emi-calculator/page.tsx:2:1
Export default doesn't exist in target module
[0m [90m 1 |[39m [36mimport[39m { [33mMetadata[39m } [36mfrom[39m [32m'next'[39m[33m;[39m
[31m[1m>[22m[39m[90m 2 |[39m [36mimport[39m [33mBlogLayout[39m [36mfrom[39m [32m'@/components/blog/BlogLayout'[39m[33m;[39m
 [90m   |[39m [31m[1m^[22m[39m[31m[1m^[22m[39m[31m[1m^[22m[39m[31m[1m^[22m[39m[31m[1m^[22m[39m[31m[1m^[22m[39m[31m[1m^[22m[39m[31m[1m^[22m[39m[31m[1m^[22m[39m[31m[1m^[22m[39m[31m[1m^[22m[39m[31m[1m^[22m[39m[31m[1m^[22m[39m[31m[1m^[22m[39m[31m[1m^[22m[39m[31m[1m^[22m[39m[31m[1m^[22m[39m[31m[1m^[22m[39m[31m[1m^[22m[39m[31m[1m^[22m[39m[31m[1m^[22m[39m[31m[1m^[22m[39m[31m[1m^[22m[39m[31m[1m^[22m[39m[31m[1m^[22m[39m[31m[1m^[22m[39m[31m[1m^[22m[39m[31m[1m^[22m[39m[31m[1m^[22m[39m[31m[1m^[22m[39m[31m[1m^[22m[39m[31m[1m^[22m[39m[31m[1m^[22m[39m[31m[1m^[22m[39m[31m[1m^[22m[39m[31m[1m^[22m[39m[31m[1m^[22m[39m[31m[1m^[22m[39m[31m[1m^[22m[39m[31m[1m^[22m[39m[31m[1m^[22m[39m[31m[1m^[22m[39m[31m[1m^[22m[39m[31m[1m^[22m[39m[31m[1m^[22m[39m[31m[1m^[22m[39m[31m[1m^[22m[39m[31m[1m^[22m[39m[31m[1m^[22m[39m[31m[1m^[22m[39m[31m[1m^[22m[39m[31m[1m^[22m[39m[31m[1m^[22m[39m[31m[1m^[22m[39m
 [90m 3 |[39m
 [90m 4 |[39m [36mexport[39m [36mconst[39m metadata[33m:[39m [33mMetadata[39m [33m=[39m {
 [90m 5 |[39m   title[33m:[39m [32m'How to use the EMI Calculator | CostSmart Guide'[39m[33m,[39m[0m

The export default was not found in module [project]/components/blog/BlogLayout.tsx [app-rsc] (ecmascript).
Did you mean to import BlogLayout?
All exports of the module are statically known (It doesn't have dynamic exports). So it's known statically that the requested export doesn't exist.


./app/blog/how-to-use-fd-calculator/page.tsx:2:1
Export default doesn't exist in target module
[0m [90m 1 |[39m [36mimport[39m { [33mMetadata[39m } [36mfrom[39m [32m'next'[39m[33m;[39m
[31m[1m>[22m[39m[90m 2 |[39m [36mimport[39m [33mBlogLayout[39m [36mfrom[39m [32m'@/components/blog/BlogLayout'[39m[33m;[39m
 [90m   |[39m [31m[1m^[22m[39m[31m[1m^[22m[39m[31m[1m^[22m[39m[31m[1m^[22m[39m[31m[1m^[22m[39m[31m[1m^[22m[39m[31m[1m^[22m[39m[31m[1m^[22m[39m[31m[1m^[22m[39m[31m[1m^[22m[39m[31m[1m^[22m[39m[31m[1m^[22m[39m[31m[1m^[22m[39m[31m[1m^[22m[39m[31m[1m^[22m[39m[31m[1m^[22m[39m[31m[1m^[22m[39m[31m[1m^[22m[39m[31m[1m^[22m[39m[31m[1m^[22m[39m[31m[1m^[22m[39m[31m[1m^[22m[39m[31m[1m^[22m[39m[31m[1m^[22m[39m[31m[1m^[22m[39m[31m[1m^[22m[39m[31m[1m^[22m[39m[31m[1m^[22m[39m[31m[1m^[22m[39m[31m[1m^[22m[39m[31m[1m^[22m[39m[31m[1m^[22m[39m[31m[1m^[22m[39m[31m[1m^[22m[39m[31m[1m^[22m[39m[31m[1m^[22m[39m[31m[1m^[22m[39m[31m[1m^[22m[39m[31m[1m^[22m[39m[31m[1m^[22m[39m[31m[1m^[22m[39m[31m[1m^[22m[39m[31m[1m^[22m[39m[31m[1m^[22m[39m[31m[1m^[22m[39m[31m[1m^[22m[39m[31m[1m^[22m[39m[31m[1m^[22m[39m[31m[1m^[22m[39m[31m[1m^[22m[39m[31m[1m^[22m[39m[31m[1m^[22m[39m[31m[1m^[22m[39m[31m[1m^[22m[39m
 [90m 3 |[39m
 [90m 4 |[39m [36mexport[39m [36mconst[39m metadata[33m:[39m [33mMetadata[39m [33m=[39m {
 [90m 5 |[39m   title[33m:[39m [32m'How to use the FD Calculator | CostSmart Guide'[39m[33m,[39m[0m

The export default was not found in module [project]/components/blog/BlogLayout.tsx [app-rsc] (ecmascript).
Did you mean to import BlogLayout?
All exports of the module are statically known (It doesn't have dynamic exports). So it's known statically that the requested export doesn't exist.


./app/blog/how-to-use-freelance-rate-calculator/page.tsx:2:1
Export default doesn't exist in target module
[0m [90m 1 |[39m [36mimport[39m { [33mMetadata[39m } [36mfrom[39m [32m'next'[39m[33m;[39m
[31m[1m>[22m[39m[90m 2 |[39m [36mimport[39m [33mBlogLayout[39m [36mfrom[39m [32m'@/components/blog/BlogLayout'[39m[33m;[39m
 [90m   |[39m [31m[1m^[22m[39m[31m[1m^[22m[39m[31m[1m^[22m[39m[31m[1m^[22m[39m[31m[1m^[22m[39m[31m[1m^[22m[39m[31m[1m^[22m[39m[31m[1m^[22m[39m[31m[1m^[22m[39m[31m[1m^[22m[39m[31m[1m^[22m[39m[31m[1m^[22m[39m[31m[1m^[22m[39m[31m[1m^[22m[39m[31m[1m^[22m[39m[31m[1m^[22m[39m[31m[1m^[22m[39m[31m[1m^[22m[39m[31m[1m^[22m[39m[31m[1m^[22m[39m[31m[1m^[22m[39m[31m[1m^[22m[39m[31m[1m^[22m[39m[31m[1m^[22m[39m[31m[1m^[22m[39m[31m[1m^[22m[39m[31m[1m^[22m[39m[31m[1m^[22m[39m[31m[1m^[22m[39m[31m[1m^[22m[39m[31m[1m^[22m[39m[31m[1m^[22m[39m[31m[1m^[22m[39m[31m[1m^[22m[39m[31m[1m^[22m[39m[31m[1m^[22m[39m[31m[1m^[22m[39m[31m[1m^[22m[39m[31m[1m^[22m[39m[31m[1m^[22m[39m[31m[1m^[22m[39m[31m[1m^[22m[39m[31m[1m^[22m[39m[31m[1m^[22m[39m[31m[1m^[22m[39m[31m[1m^[22m[39m[31m[1m^[22m[39m[31m[1m^[22m[39m[31m[1m^[22m[39m[31m[1m^[22m[39m[31m[1m^[22m[39m[31m[1m^[22m[39m[31m[1m^[22m[39m[31m[1m^[22m[39m
 [90m 3 |[39m
 [90m 4 |[39m [36mexport[39m [36mconst[39m metadata[33m:[39m [33mMetadata[39m [33m=[39m {
 [90m 5 |[39m   title[33m:[39m [32m'How to use the Freelance Rate Calculator | CostSmart Guide'[39m[33m,[39m[0m

The export default was not found in module [project]/components/blog/BlogLayout.tsx [app-rsc] (ecmascript).
Did you mean to import BlogLayout?
All exports of the module are statically known (It doesn't have dynamic exports). So it's known statically that the requested export doesn't exist.


./app/blog/how-to-use-gst-calculator/page.tsx:2:1
Export default doesn't exist in target module
[0m [90m 1 |[39m [36mimport[39m { [33mMetadata[39m } [36mfrom[39m [32m'next'[39m[33m;[39m
[31m[1m>[22m[39m[90m 2 |[39m [36mimport[39m [33mBlogLayout[39m [36mfrom[39m [32m'@/components/blog/BlogLayout'[39m[33m;[39m
 [90m   |[39m [31m[1m^[22m[39m[31m[1m^[22m[39m[31m[1m^[22m[39m[31m[1m^[22m[39m[31m[1m^[22m[39m[31m[1m^[22m[39m[31m[1m^[22m[39m[31m[1m^[22m[39m[31m[1m^[22m[39m[31m[1m^[22m[39m[31m[1m^[22m[39m[31m[1m^[22m[39m[31m[1m^[22m[39m[31m[1m^[22m[39m[31m[1m^[22m[39m[31m[1m^[22m[39m[31m[1m^[22m[39m[31m[1m^[22m[39m[31m[1m^[22m[39m[31m[1m^[22m[39m[31m[1m^[22m[39m[31m[1m^[22m[39m[31m[1m^[22m[39m[31m[1m^[22m[39m[31m[1m^[22m[39m[31m[1m^[22m[39m[31m[1m^[22m[39m[31m[1m^[22m[39m[31m[1m^[22m[39m[31m[1m^[22m[39m[31m[1m^[22m[39m[31m[1m^[22m[39m[31m[1m^[22m[39m[31m[1m^[22m[39m[31m[1m^[22m[39m[31m[1m^[22m[39m[31m[1m^[22m[39m[31m[1m^[22m[39m[31m[1m^[22m[39m[31m[1m^[22m[39m[31m[1m^[22m[39m[31m[1m^[22m[39m[31m[1m^[22m[39m[31m[1m^[22m[39m[31m[1m^[22m[39m[31m[1m^[22m[39m[31m[1m^[22m[39m[31m[1m^[22m[39m[31m[1m^[22m[39m[31m[1m^[22m[39m[31m[1m^[22m[39m[31m[1m^[22m[39m[31m[1m^[22m[39m[31m[1m^[22m[39m
 [90m 3 |[39m
 [90m 4 |[39m [36mexport[39m [36mconst[39m metadata[33m:[39m [33mMetadata[39m [33m=[39m {
 [90m 5 |[39m   title[33m:[39m [32m'How to use the GST Calculator | CostSmart Guide'[39m[33m,[39m[0m

The export default was not found in module [project]/components/blog/BlogLayout.tsx [app-rsc] (ecmascript).
Did you mean to import BlogLayout?
All exports of the module are statically known (It doesn't have dynamic exports). So it's known statically that the requested export doesn't exist.


./app/blog/how-to-use-gst-input-credit-calculator/page.tsx:2:1
Export default doesn't exist in target module
[0m [90m 1 |[39m [36mimport[39m { [33mMetadata[39m } [36mfrom[39m [32m'next'[39m[33m;[39m
[31m[1m>[22m[39m[90m 2 |[39m [36mimport[39m [33mBlogLayout[39m [36mfrom[39m [32m'@/components/blog/BlogLayout'[39m[33m;[39m
 [90m   |[39m [31m[1m^[22m[39m[31m[1m^[22m[39m[31m[1m^[22m[39m[31m[1m^[22m[39m[31m[1m^[22m[39m[31m[1m^[22m[39m[31m[1m^[22m[39m[31m[1m^[22m[39m[31m[1m^[22m[39m[31m[1m^[22m[39m[31m[1m^[22m[39m[31m[1m^[22m[39m[31m[1m^[22m[39m[31m[1m^[22m[39m[31m[1m^[22m[39m[31m[1m^[22m[39m[31m[1m^[22m[39m[31m[1m^[22m[39m[31m[1m^[22m[39m[31m[1m^[22m[39m[31m[1m^[22m[39m[31m[1m^[22m[39m[31m[1m^[22m[39m[31m[1m^[22m[39m[31m[1m^[22m[39m[31m[1m^[22m[39m[31m[1m^[22m[39m[31m[1m^[22m[39m[31m[1m^[22m[39m[31m[1m^[22m[39m[31m[1m^[22m[39m[31m[1m^[22m[39m[31m[1m^[22m[39m[31m[1m^[22m[39m[31m[1m^[22m[39m[31m[1m^[22m[39m[31m[1m^[22m[39m[31m[1m^[22m[39m[31m[1m^[22m[39m[31m[1m^[22m[39m[31m[1m^[22m[39m[31m[1m^[22m[39m[31m[1m^[22m[39m[31m[1m^[22m[39m[31m[1m^[22m[39m[31m[1m^[22m[39m[31m[1m^[22m[39m[31m[1m^[22m[39m[31m[1m^[22m[39m[31m[1m^[22m[39m[31m[1m^[22m[39m[31m[1m^[22m[39m[31m[1m^[22m[39m[31m[1m^[22m[39m
 [90m 3 |[39m
 [90m 4 |[39m [36mexport[39m [36mconst[39m metadata[33m:[39m [33mMetadata[39m [33m=[39m {
 [90m 5 |[39m   title[33m:[39m [32m'How to use the GST Input Credit Calculator | CostSmart Guide'[39m[33m,[39m[0m

The export default was not found in module [project]/components/blog/BlogLayout.tsx [app-rsc] (ecmascript).
Did you mean to import BlogLayout?
All exports of the module are statically known (It doesn't have dynamic exports). So it's known statically that the requested export doesn't exist.


./app/blog/how-to-use-home-loan-calculator/page.tsx:2:1
Export default doesn't exist in target module
[0m [90m 1 |[39m [36mimport[39m { [33mMetadata[39m } [36mfrom[39m [32m'next'[39m[33m;[39m
[31m[1m>[22m[39m[90m 2 |[39m [36mimport[39m [33mBlogLayout[39m [36mfrom[39m [32m'@/components/blog/BlogLayout'[39m[33m;[39m
 [90m   |[39m [31m[1m^[22m[39m[31m[1m^[22m[39m[31m[1m^[22m[39m[31m[1m^[22m[39m[31m[1m^[22m[39m[31m[1m^[22m[39m[31m[1m^[22m[39m[31m[1m^[22m[39m[31m[1m^[22m[39m[31m[1m^[22m[39m[31m[1m^[22m[39m[31m[1m^[22m[39m[31m[1m^[22m[39m[31m[1m^[22m[39m[31m[1m^[22m[39m[31m[1m^[22m[39m[31m[1m^[22m[39m[31m[1m^[22m[39m[31m[1m^[22m[39m[31m[1m^[22m[39m[31m[1m^[22m[39m[31m[1m^[22m[39m[31m[1m^[22m[39m[31m[1m^[22m[39m[31m[1m^[22m[39m[31m[1m^[22m[39m[31m[1m^[22m[39m[31m[1m^[22m[39m[31m[1m^[22m[39m[31m[1m^[22m[39m[31m[1m^[22m[39m[31m[1m^[22m[39m[31m[1m^[22m[39m[31m[1m^[22m[39m[31m[1m^[22m[39m[31m[1m^[22m[39m[31m[1m^[22m[39m[31m[1m^[22m[39m[31m[1m^[22m[39m[31m[1m^[22m[39m[31m[1m^[22m[39m[31m[1m^[22m[39m[31m[1m^[22m[39m[31m[1m^[22m[39m[31m[1m^[22m[39m[31m[1m^[22m[39m[31m[1m^[22m[39m[31m[1m^[22m[39m[31m[1m^[22m[39m[31m[1m^[22m[39m[31m[1m^[22m[39m[31m[1m^[22m[39m[31m[1m^[22m[39m[31m[1m^[22m[39m
 [90m 3 |[39m
 [90m 4 |[39m [36mexport[39m [36mconst[39m metadata[33m:[39m [33mMetadata[39m [33m=[39m {
 [90m 5 |[39m   title[33m:[39m [32m'How to use the Home Loan Calculator | CostSmart Guide'[39m[33m,[39m[0m

The export default was not found in module [project]/components/blog/BlogLayout.tsx [app-rsc] (ecmascript).
Did you mean to import BlogLayout?
All exports of the module are statically known (It doesn't have dynamic exports). So it's known statically that the requested export doesn't exist.


./app/blog/how-to-use-import-duty-calculator/page.tsx:2:1
Export default doesn't exist in target module
[0m [90m 1 |[39m [36mimport[39m { [33mMetadata[39m } [36mfrom[39m [32m'next'[39m[33m;[39m
[31m[1m>[22m[39m[90m 2 |[39m [36mimport[39m [33mBlogLayout[39m [36mfrom[39m [32m'@/components/blog/BlogLayout'[39m[33m;[39m
 [90m   |[39m [31m[1m^[22m[39m[31m[1m^[22m[39m[31m[1m^[22m[39m[31m[1m^[22m[39m[31m[1m^[22m[39m[31m[1m^[22m[39m[31m[1m^[22m[39m[31m[1m^[22m[39m[31m[1m^[22m[39m[31m[1m^[22m[39m[31m[1m^[22m[39m[31m[1m^[22m[39m[31m[1m^[22m[39m[31m[1m^[22m[39m[31m[1m^[22m[39m[31m[1m^[22m[39m[31m[1m^[22m[39m[31m[1m^[22m[39m[31m[1m^[22m[39m[31m[1m^[22m[39m[31m[1m^[22m[39m[31m[1m^[22m[39m[31m[1m^[22m[39m[31m[1m^[22m[39m[31m[1m^[22m[39m[31m[1m^[22m[39m[31m[1m^[22m[39m[31m[1m^[22m[39m[31m[1m^[22m[39m[31m[1m^[22m[39m[31m[1m^[22m[39m[31m[1m^[22m[39m[31m[1m^[22m[39m[31m[1m^[22m[39m[31m[1m^[22m[39m[31m[1m^[22m[39m[31m[1m^[22m[39m[31m[1m^[22m[39m[31m[1m^[22m[39m[31m[1m^[22m[39m[31m[1m^[22m[39m[31m[1m^[22m[39m[31m[1m^[22m[39m[31m[1m^[22m[39m[31m[1m^[22m[39m[31m[1m^[22m[39m[31m[1m^[22m[39m[31m[1m^[22m[39m[31m[1m^[22m[39m[31m[1m^[22m[39m[31m[1m^[22m[39m[31m[1m^[22m[39m[31m[1m^[22m[39m[31m[1m^[22m[39m
 [90m 3 |[39m
 [90m 4 |[39m [36mexport[39m [36mconst[39m metadata[33m:[39m [33mMetadata[39m [33m=[39m {
 [90m 5 |[39m   title[33m:[39m [32m'How to use the Import Duty Calculator | CostSmart Guide'[39m[33m,[39m[0m

The export default was not found in module [project]/components/blog/BlogLayout.tsx [app-rsc] (ecmascript).
Did you mean to import BlogLayout?
All exports of the module are statically known (It doesn't have dynamic exports). So it's known statically that the requested export doesn't exist.


./app/blog/how-to-use-income-tax-calculator/page.tsx:2:1
Export default doesn't exist in target module
[0m [90m 1 |[39m [36mimport[39m { [33mMetadata[39m } [36mfrom[39m [32m'next'[39m[33m;[39m
[31m[1m>[22m[39m[90m 2 |[39m [36mimport[39m [33mBlogLayout[39m [36mfrom[39m [32m'@/components/blog/BlogLayout'[39m[33m;[39m
 [90m   |[39m [31m[1m^[22m[39m[31m[1m^[22m[39m[31m[1m^[22m[39m[31m[1m^[22m[39m[31m[1m^[22m[39m[31m[1m^[22m[39m[31m[1m^[22m[39m[31m[1m^[22m[39m[31m[1m^[22m[39m[31m[1m^[22m[39m[31m[1m^[22m[39m[31m[1m^[22m[39m[31m[1m^[22m[39m[31m[1m^[22m[39m[31m[1m^[22m[39m[31m[1m^[22m[39m[31m[1m^[22m[39m[31m[1m^[22m[39m[31m[1m^[22m[39m[31m[1m^[22m[39m[31m[1m^[22m[39m[31m[1m^[22m[39m[31m[1m^[22m[39m[31m[1m^[22m[39m[31m[1m^[22m[39m[31m[1m^[22m[39m[31m[1m^[22m[39m[31m[1m^[22m[39m[31m[1m^[22m[39m[31m[1m^[22m[39m[31m[1m^[22m[39m[31m[1m^[22m[39m[31m[1m^[22m[39m[31m[1m^[22m[39m[31m[1m^[22m[39m[31m[1m^[22m[39m[31m[1m^[22m[39m[31m[1m^[22m[39m[31m[1m^[22m[39m[31m[1m^[22m[39m[31m[1m^[22m[39m[31m[1m^[22m[39m[31m[1m^[22m[39m[31m[1m^[22m[39m[31m[1m^[22m[39m[31m[1m^[22m[39m[31m[1m^[22m[39m[31m[1m^[22m[39m[31m[1m^[22m[39m[31m[1m^[22m[39m[31m[1m^[22m[39m[31m[1m^[22m[39m[31m[1m^[22m[39m[31m[1m^[22m[39m
 [90m 3 |[39m
 [90m 4 |[39m [36mexport[39m [36mconst[39m metadata[33m:[39m [33mMetadata[39m [33m=[39m {
 [90m 5 |[39m   title[33m:[39m [32m'How to use the Income Tax Calculator | CostSmart Guide'[39m[33m,[39m[0m

The export default was not found in module [project]/components/blog/BlogLayout.tsx [app-rsc] (ecmascript).
Did you mean to import BlogLayout?
All exports of the module are statically known (It doesn't have dynamic exports). So it's known statically that the requested export doesn't exist.


./app/blog/how-to-use-invoice-generator/page.tsx:2:1
Export default doesn't exist in target module
[0m [90m 1 |[39m [36mimport[39m { [33mMetadata[39m } [36mfrom[39m [32m'next'[39m[33m;[39m
[31m[1m>[22m[39m[90m 2 |[39m [36mimport[39m [33mBlogLayout[39m [36mfrom[39m [32m'@/components/blog/BlogLayout'[39m[33m;[39m
 [90m   |[39m [31m[1m^[22m[39m[31m[1m^[22m[39m[31m[1m^[22m[39m[31m[1m^[22m[39m[31m[1m^[22m[39m[31m[1m^[22m[39m[31m[1m^[22m[39m[31m[1m^[22m[39m[31m[1m^[22m[39m[31m[1m^[22m[39m[31m[1m^[22m[39m[31m[1m^[22m[39m[31m[1m^[22m[39m[31m[1m^[22m[39m[31m[1m^[22m[39m[31m[1m^[22m[39m[31m[1m^[22m[39m[31m[1m^[22m[39m[31m[1m^[22m[39m[31m[1m^[22m[39m[31m[1m^[22m[39m[31m[1m^[22m[39m[31m[1m^[22m[39m[31m[1m^[22m[39m[31m[1m^[22m[39m[31m[1m^[22m[39m[31m[1m^[22m[39m[31m[1m^[22m[39m[31m[1m^[22m[39m[31m[1m^[22m[39m[31m[1m^[22m[39m[31m[1m^[22m[39m[31m[1m^[22m[39m[31m[1m^[22m[39m[31m[1m^[22m[39m[31m[1m^[22m[39m[31m[1m^[22m[39m[31m[1m^[22m[39m[31m[1m^[22m[39m[31m[1m^[22m[39m[31m[1m^[22m[39m[31m[1m^[22m[39m[31m[1m^[22m[39m[31m[1m^[22m[39m[31m[1m^[22m[39m[31m[1m^[22m[39m[31m[1m^[22m[39m[31m[1m^[22m[39m[31m[1m^[22m[39m[31m[1m^[22m[39m[31m[1m^[22m[39m[31m[1m^[22m[39m[31m[1m^[22m[39m[31m[1m^[22m[39m
 [90m 3 |[39m
 [90m 4 |[39m [36mexport[39m [36mconst[39m metadata[33m:[39m [33mMetadata[39m [33m=[39m {
 [90m 5 |[39m   title[33m:[39m [32m'How to use the Invoice Generator | CostSmart Guide'[39m[33m,[39m[0m

The export default was not found in module [project]/components/blog/BlogLayout.tsx [app-rsc] (ecmascript).
Did you mean to import BlogLayout?
All exports of the module are statically known (It doesn't have dynamic exports). So it's known statically that the requested export doesn't exist.


./app/blog/how-to-use-lpg-subsidy-calculator/page.tsx:2:1
Export default doesn't exist in target module
[0m [90m 1 |[39m [36mimport[39m { [33mMetadata[39m } [36mfrom[39m [32m'next'[39m[33m;[39m
[31m[1m>[22m[39m[90m 2 |[39m [36mimport[39m [33mBlogLayout[39m [36mfrom[39m [32m'@/components/blog/BlogLayout'[39m[33m;[39m
 [90m   |[39m [31m[1m^[22m[39m[31m[1m^[22m[39m[31m[1m^[22m[39m[31m[1m^[22m[39m[31m[1m^[22m[39m[31m[1m^[22m[39m[31m[1m^[22m[39m[31m[1m^[22m[39m[31m[1m^[22m[39m[31m[1m^[22m[39m[31m[1m^[22m[39m[31m[1m^[22m[39m[31m[1m^[22m[39m[31m[1m^[22m[39m[31m[1m^[22m[39m[31m[1m^[22m[39m[31m[1m^[22m[39m[31m[1m^[22m[39m[31m[1m^[22m[39m[31m[1m^[22m[39m[31m[1m^[22m[39m[31m[1m^[22m[39m[31m[1m^[22m[39m[31m[1m^[22m[39m[31m[1m^[22m[39m[31m[1m^[22m[39m[31m[1m^[22m[39m[31m[1m^[22m[39m[31m[1m^[22m[39m[31m[1m^[22m[39m[31m[1m^[22m[39m[31m[1m^[22m[39m[31m[1m^[22m[39m[31m[1m^[22m[39m[31m[1m^[22m[39m[31m[1m^[22m[39m[31m[1m^[22m[39m[31m[1m^[22m[39m[31m[1m^[22m[39m[31m[1m^[22m[39m[31m[1m^[22m[39m[31m[1m^[22m[39m[31m[1m^[22m[39m[31m[1m^[22m[39m[31m[1m^[22m[39m[31m[1m^[22m[39m[31m[1m^[22m[39m[31m[1m^[22m[39m[31m[1m^[22m[39m[31m[1m^[22m[39m[31m[1m^[22m[39m[31m[1m^[22m[39m[31m[1m^[22m[39m[31m[1m^[22m[39m
 [90m 3 |[39m
 [90m 4 |[39m [36mexport[39m [36mconst[39m metadata[33m:[39m [33mMetadata[39m [33m=[39m {
 [90m 5 |[39m   title[33m:[39m [32m'How to use the LPG Subsidy Calculator | CostSmart Guide'[39m[33m,[39m[0m

The export default was not found in module [project]/components/blog/BlogLayout.tsx [app-rsc] (ecmascript).
Did you mean to import BlogLayout?
All exports of the module are statically known (It doesn't have dynamic exports). So it's known statically that the requested export doesn't exist.


./app/blog/how-to-use-ppf-calculator/page.tsx:2:1
Export default doesn't exist in target module
[0m [90m 1 |[39m [36mimport[39m { [33mMetadata[39m } [36mfrom[39m [32m'next'[39m[33m;[39m
[31m[1m>[22m[39m[90m 2 |[39m [36mimport[39m [33mBlogLayout[39m [36mfrom[39m [32m'@/components/blog/BlogLayout'[39m[33m;[39m
 [90m   |[39m [31m[1m^[22m[39m[31m[1m^[22m[39m[31m[1m^[22m[39m[31m[1m^[22m[39m[31m[1m^[22m[39m[31m[1m^[22m[39m[31m[1m^[22m[39m[31m[1m^[22m[39m[31m[1m^[22m[39m[31m[1m^[22m[39m[31m[1m^[22m[39m[31m[1m^[22m[39m[31m[1m^[22m[39m[31m[1m^[22m[39m[31m[1m^[22m[39m[31m[1m^[22m[39m[31m[1m^[22m[39m[31m[1m^[22m[39m[31m[1m^[22m[39m[31m[1m^[22m[39m[31m[1m^[22m[39m[31m[1m^[22m[39m[31m[1m^[22m[39m[31m[1m^[22m[39m[31m[1m^[22m[39m[31m[1m^[22m[39m[31m[1m^[22m[39m[31m[1m^[22m[39m[31m[1m^[22m[39m[31m[1m^[22m[39m[31m[1m^[22m[39m[31m[1m^[22m[39m[31m[1m^[22m[39m[31m[1m^[22m[39m[31m[1m^[22m[39m[31m[1m^[22m[39m[31m[1m^[22m[39m[31m[1m^[22m[39m[31m[1m^[22m[39m[31m[1m^[22m[39m[31m[1m^[22m[39m[31m[1m^[22m[39m[31m[1m^[22m[39m[31m[1m^[22m[39m[31m[1m^[22m[39m[31m[1m^[22m[39m[31m[1m^[22m[39m[31m[1m^[22m[39m[31m[1m^[22m[39m[31m[1m^[22m[39m[31m[1m^[22m[39m[31m[1m^[22m[39m[31m[1m^[22m[39m[31m[1m^[22m[39m
 [90m 3 |[39m
 [90m 4 |[39m [36mexport[39m [36mconst[39m metadata[33m:[39m [33mMetadata[39m [33m=[39m {
 [90m 5 |[39m   title[33m:[39m [32m'How to use the PPF Calculator | CostSmart Guide'[39m[33m,[39m[0m

The export default was not found in module [project]/components/blog/BlogLayout.tsx [app-rsc] (ecmascript).
Did you mean to import BlogLayout?
All exports of the module are statically known (It doesn't have dynamic exports). So it's known statically that the requested export doesn't exist.


./app/blog/how-to-use-profit-margin-calculator/page.tsx:2:1
Export default doesn't exist in target module
[0m [90m 1 |[39m [36mimport[39m { [33mMetadata[39m } [36mfrom[39m [32m'next'[39m[33m;[39m
[31m[1m>[22m[39m[90m 2 |[39m [36mimport[39m [33mBlogLayout[39m [36mfrom[39m [32m'@/components/blog/BlogLayout'[39m[33m;[39m
 [90m   |[39m [31m[1m^[22m[39m[31m[1m^[22m[39m[31m[1m^[22m[39m[31m[1m^[22m[39m[31m[1m^[22m[39m[31m[1m^[22m[39m[31m[1m^[22m[39m[31m[1m^[22m[39m[31m[1m^[22m[39m[31m[1m^[22m[39m[31m[1m^[22m[39m[31m[1m^[22m[39m[31m[1m^[22m[39m[31m[1m^[22m[39m[31m[1m^[22m[39m[31m[1m^[22m[39m[31m[1m^[22m[39m[31m[1m^[22m[39m[31m[1m^[22m[39m[31m[1m^[22m[39m[31m[1m^[22m[39m[31m[1m^[22m[39m[31m[1m^[22m[39m[31m[1m^[22m[39m[31m[1m^[22m[39m[31m[1m^[22m[39m[31m[1m^[22m[39m[31m[1m^[22m[39m[31m[1m^[22m[39m[31m[1m^[22m[39m[31m[1m^[22m[39m[31m[1m^[22m[39m[31m[1m^[22m[39m[31m[1m^[22m[39m[31m[1m^[22m[39m[31m[1m^[22m[39m[31m[1m^[22m[39m[31m[1m^[22m[39m[31m[1m^[22m[39m[31m[1m^[22m[39m[31m[1m^[22m[39m[31m[1m^[22m[39m[31m[1m^[22m[39m[31m[1m^[22m[39m[31m[1m^[22m[39m[31m[1m^[22m[39m[31m[1m^[22m[39m[31m[1m^[22m[39m[31m[1m^[22m[39m[31m[1m^[22m[39m[31m[1m^[22m[39m[31m[1m^[22m[39m[31m[1m^[22m[39m[31m[1m^[22m[39m
 [90m 3 |[39m
 [90m 4 |[39m [36mexport[39m [36mconst[39m metadata[33m:[39m [33mMetadata[39m [33m=[39m {
 [90m 5 |[39m   title[33m:[39m [32m'How to use the Profit Margin Calculator | CostSmart Guide'[39m[33m,[39m[0m

The export default was not found in module [project]/components/blog/BlogLayout.tsx [app-rsc] (ecmascript).
Did you mean to import BlogLayout?
All exports of the module are statically known (It doesn't have dynamic exports). So it's known statically that the requested export doesn't exist.


./app/blog/how-to-use-property-tax-calculator/page.tsx:2:1
Export default doesn't exist in target module
[0m [90m 1 |[39m [36mimport[39m { [33mMetadata[39m } [36mfrom[39m [32m'next'[39m[33m;[39m
[31m[1m>[22m[39m[90m 2 |[39m [36mimport[39m [33mBlogLayout[39m [36mfrom[39m [32m'@/components/blog/BlogLayout'[39m[33m;[39m
 [90m   |[39m [31m[1m^[22m[39m[31m[1m^[22m[39m[31m[1m^[22m[39m[31m[1m^[22m[39m[31m[1m^[22m[39m[31m[1m^[22m[39m[31m[1m^[22m[39m[31m[1m^[22m[39m[31m[1m^[22m[39m[31m[1m^[22m[39m[31m[1m^[22m[39m[31m[1m^[22m[39m[31m[1m^[22m[39m[31m[1m^[22m[39m[31m[1m^[22m[39m[31m[1m^[22m[39m[31m[1m^[22m[39m[31m[1m^[22m[39m[31m[1m^[22m[39m[31m[1m^[22m[39m[31m[1m^[22m[39m[31m[1m^[22m[39m[31m[1m^[22m[39m[31m[1m^[22m[39m[31m[1m^[22m[39m[31m[1m^[22m[39m[31m[1m^[22m[39m[31m[1m^[22m[39m[31m[1m^[22m[39m[31m[1m^[22m[39m[31m[1m^[22m[39m[31m[1m^[22m[39m[31m[1m^[22m[39m[31m[1m^[22m[39m[31m[1m^[22m[39m[31m[1m^[22m[39m[31m[1m^[22m[39m[31m[1m^[22m[39m[31m[1m^[22m[39m[31m[1m^[22m[39m[31m[1m^[22m[39m[31m[1m^[22m[39m[31m[1m^[22m[39m[31m[1m^[22m[39m[31m[1m^[22m[39m[31m[1m^[22m[39m[31m[1m^[22m[39m[31m[1m^[22m[39m[31m[1m^[22m[39m[31m[1m^[22m[39m[31m[1m^[22m[39m[31m[1m^[22m[39m[31m[1m^[22m[39m[31m[1m^[22m[39m
 [90m 3 |[39m
 [90m 4 |[39m [36mexport[39m [36mconst[39m metadata[33m:[39m [33mMetadata[39m [33m=[39m {
 [90m 5 |[39m   title[33m:[39m [32m'How to use the Property Tax Calculator | CostSmart Guide'[39m[33m,[39m[0m

The export default was not found in module [project]/components/blog/BlogLayout.tsx [app-rsc] (ecmascript).
Did you mean to import BlogLayout?
All exports of the module are statically known (It doesn't have dynamic exports). So it's known statically that the requested export doesn't exist.


./app/blog/how-to-use-rent-vs-buy-calculator/page.tsx:2:1
Export default doesn't exist in target module
[0m [90m 1 |[39m [36mimport[39m { [33mMetadata[39m } [36mfrom[39m [32m'next'[39m[33m;[39m
[31m[1m>[22m[39m[90m 2 |[39m [36mimport[39m [33mBlogLayout[39m [36mfrom[39m [32m'@/components/blog/BlogLayout'[39m[33m;[39m
 [90m   |[39m [31m[1m^[22m[39m[31m[1m^[22m[39m[31m[1m^[22m[39m[31m[1m^[22m[39m[31m[1m^[22m[39m[31m[1m^[22m[39m[31m[1m^[22m[39m[31m[1m^[22m[39m[31m[1m^[22m[39m[31m[1m^[22m[39m[31m[1m^[22m[39m[31m[1m^[22m[39m[31m[1m^[22m[39m[31m[1m^[22m[39m[31m[1m^[22m[39m[31m[1m^[22m[39m[31m[1m^[22m[39m[31m[1m^[22m[39m[31m[1m^[22m[39m[31m[1m^[22m[39m[31m[1m^[22m[39m[31m[1m^[22m[39m[31m[1m^[22m[39m[31m[1m^[22m[39m[31m[1m^[22m[39m[31m[1m^[22m[39m[31m[1m^[22m[39m[31m[1m^[22m[39m[31m[1m^[22m[39m[31m[1m^[22m[39m[31m[1m^[22m[39m[31m[1m^[22m[39m[31m[1m^[22m[39m[31m[1m^[22m[39m[31m[1m^[22m[39m[31m[1m^[22m[39m[31m[1m^[22m[39m[31m[1m^[22m[39m[31m[1m^[22m[39m[31m[1m^[22m[39m[31m[1m^[22m[39m[31m[1m^[22m[39m[31m[1m^[22m[39m[31m[1m^[22m[39m[31m[1m^[22m[39m[31m[1m^[22m[39m[31m[1m^[22m[39m[31m[1m^[22m[39m[31m[1m^[22m[39m[31m[1m^[22m[39m[31m[1m^[22m[39m[31m[1m^[22m[39m[31m[1m^[22m[39m[31m[1m^[22m[39m
 [90m 3 |[39m
 [90m 4 |[39m [36mexport[39m [36mconst[39m metadata[33m:[39m [33mMetadata[39m [33m=[39m {
 [90m 5 |[39m   title[33m:[39m [32m'How to use the Rent vs Buy Calculator | CostSmart Guide'[39m[33m,[39m[0m

The export default was not found in module [project]/components/blog/BlogLayout.tsx [app-rsc] (ecmascript).
Did you mean to import BlogLayout?
All exports of the module are statically known (It doesn't have dynamic exports). So it's known statically that the requested export doesn't exist.


./app/blog/how-to-use-retirement-calculator/page.tsx:2:1
Export default doesn't exist in target module
[0m [90m 1 |[39m [36mimport[39m { [33mMetadata[39m } [36mfrom[39m [32m'next'[39m[33m;[39m
[31m[1m>[22m[39m[90m 2 |[39m [36mimport[39m [33mBlogLayout[39m [36mfrom[39m [32m'@/components/blog/BlogLayout'[39m[33m;[39m
 [90m   |[39m [31m[1m^[22m[39m[31m[1m^[22m[39m[31m[1m^[22m[39m[31m[1m^[22m[39m[31m[1m^[22m[39m[31m[1m^[22m[39m[31m[1m^[22m[39m[31m[1m^[22m[39m[31m[1m^[22m[39m[31m[1m^[22m[39m[31m[1m^[22m[39m[31m[1m^[22m[39m[31m[1m^[22m[39m[31m[1m^[22m[39m[31m[1m^[22m[39m[31m[1m^[22m[39m[31m[1m^[22m[39m[31m[1m^[22m[39m[31m[1m^[22m[39m[31m[1m^[22m[39m[31m[1m^[22m[39m[31m[1m^[22m[39m[31m[1m^[22m[39m[31m[1m^[22m[39m[31m[1m^[22m[39m[31m[1m^[22m[39m[31m[1m^[22m[39m[31m[1m^[22m[39m[31m[1m^[22m[39m[31m[1m^[22m[39m[31m[1m^[22m[39m[31m[1m^[22m[39m[31m[1m^[22m[39m[31m[1m^[22m[39m[31m[1m^[22m[39m[31m[1m^[22m[39m[31m[1m^[22m[39m[31m[1m^[22m[39m[31m[1m^[22m[39m[31m[1m^[22m[39m[31m[1m^[22m[39m[31m[1m^[22m[39m[31m[1m^[22m[39m[31m[1m^[22m[39m[31m[1m^[22m[39m[31m[1m^[22m[39m[31m[1m^[22m[39m[31m[1m^[22m[39m[31m[1m^[22m[39m[31m[1m^[22m[39m[31m[1m^[22m[39m[31m[1m^[22m[39m[31m[1m^[22m[39m[31m[1m^[22m[39m
 [90m 3 |[39m
 [90m 4 |[39m [36mexport[39m [36mconst[39m metadata[33m:[39m [33mMetadata[39m [33m=[39m {
 [90m 5 |[39m   title[33m:[39m [32m'How to use the Retirement Calculator | CostSmart Guide'[39m[33m,[39m[0m

The export default was not found in module [project]/components/blog/BlogLayout.tsx [app-rsc] (ecmascript).
Did you mean to import BlogLayout?
All exports of the module are statically known (It doesn't have dynamic exports). So it's known statically that the requested export doesn't exist.


./app/blog/how-to-use-salary-calculator/page.tsx:2:1
Export default doesn't exist in target module
[0m [90m 1 |[39m [36mimport[39m { [33mMetadata[39m } [36mfrom[39m [32m'next'[39m[33m;[39m
[31m[1m>[22m[39m[90m 2 |[39m [36mimport[39m [33mBlogLayout[39m [36mfrom[39m [32m'@/components/blog/BlogLayout'[39m[33m;[39m
 [90m   |[39m [31m[1m^[22m[39m[31m[1m^[22m[39m[31m[1m^[22m[39m[31m[1m^[22m[39m[31m[1m^[22m[39m[31m[1m^[22m[39m[31m[1m^[22m[39m[31m[1m^[22m[39m[31m[1m^[22m[39m[31m[1m^[22m[39m[31m[1m^[22m[39m[31m[1m^[22m[39m[31m[1m^[22m[39m[31m[1m^[22m[39m[31m[1m^[22m[39m[31m[1m^[22m[39m[31m[1m^[22m[39m[31m[1m^[22m[39m[31m[1m^[22m[39m[31m[1m^[22m[39m[31m[1m^[22m[39m[31m[1m^[22m[39m[31m[1m^[22m[39m[31m[1m^[22m[39m[31m[1m^[22m[39m[31m[1m^[22m[39m[31m[1m^[22m[39m[31m[1m^[22m[39m[31m[1m^[22m[39m[31m[1m^[22m[39m[31m[1m^[22m[39m[31m[1m^[22m[39m[31m[1m^[22m[39m[31m[1m^[22m[39m[31m[1m^[22m[39m[31m[1m^[22m[39m[31m[1m^[22m[39m[31m[1m^[22m[39m[31m[1m^[22m[39m[31m[1m^[22m[39m[31m[1m^[22m[39m[31m[1m^[22m[39m[31m[1m^[22m[39m[31m[1m^[22m[39m[31m[1m^[22m[39m[31m[1m^[22m[39m[31m[1m^[22m[39m[31m[1m^[22m[39m[31m[1m^[22m[39m[31m[1m^[22m[39m[31m[1m^[22m[39m[31m[1m^[22m[39m[31m[1m^[22m[39m[31m[1m^[22m[39m
 [90m 3 |[39m
 [90m 4 |[39m [36mexport[39m [36mconst[39m metadata[33m:[39m [33mMetadata[39m [33m=[39m {
 [90m 5 |[39m   title[33m:[39m [32m'How to use the Salary Calculator | CostSmart Guide'[39m[33m,[39m[0m

The export default was not found in module [project]/components/blog/BlogLayout.tsx [app-rsc] (ecmascript).
Did you mean to import BlogLayout?
All exports of the module are statically known (It doesn't have dynamic exports). So it's known statically that the requested export doesn't exist.


./app/blog/how-to-use-shipping-cost-calculator/page.tsx:2:1
Export default doesn't exist in target module
[0m [90m 1 |[39m [36mimport[39m { [33mMetadata[39m } [36mfrom[39m [32m'next'[39m[33m;[39m
[31m[1m>[22m[39m[90m 2 |[39m [36mimport[39m [33mBlogLayout[39m [36mfrom[39m [32m'@/components/blog/BlogLayout'[39m[33m;[39m
 [90m   |[39m [31m[1m^[22m[39m[31m[1m^[22m[39m[31m[1m^[22m[39m[31m[1m^[22m[39m[31m[1m^[22m[39m[31m[1m^[22m[39m[31m[1m^[22m[39m[31m[1m^[22m[39m[31m[1m^[22m[39m[31m[1m^[22m[39m[31m[1m^[22m[39m[31m[1m^[22m[39m[31m[1m^[22m[39m[31m[1m^[22m[39m[31m[1m^[22m[39m[31m[1m^[22m[39m[31m[1m^[22m[39m[31m[1m^[22m[39m[31m[1m^[22m[39m[31m[1m^[22m[39m[31m[1m^[22m[39m[31m[1m^[22m[39m[31m[1m^[22m[39m[31m[1m^[22m[39m[31m[1m^[22m[39m[31m[1m^[22m[39m[31m[1m^[22m[39m[31m[1m^[22m[39m[31m[1m^[22m[39m[31m[1m^[22m[39m[31m[1m^[22m[39m[31m[1m^[22m[39m[31m[1m^[22m[39m[31m[1m^[22m[39m[31m[1m^[22m[39m[31m[1m^[22m[39m[31m[1m^[22m[39m[31m[1m^[22m[39m[31m[1m^[22m[39m[31m[1m^[22m[39m[31m[1m^[22m[39m[31m[1m^[22m[39m[31m[1m^[22m[39m[31m[1m^[22m[39m[31m[1m^[22m[39m[31m[1m^[22m[39m[31m[1m^[22m[39m[31m[1m^[22m[39m[31m[1m^[22m[39m[31m[1m^[22m[39m[31m[1m^[22m[39m[31m[1m^[22m[39m[31m[1m^[22m[39m[31m[1m^[22m[39m
 [90m 3 |[39m
 [90m 4 |[39m [36mexport[39m [36mconst[39m metadata[33m:[39m [33mMetadata[39m [33m=[39m {
 [90m 5 |[39m   title[33m:[39m [32m'How to use the Shipping Cost Calculator | CostSmart Guide'[39m[33m,[39m[0m

The export default was not found in module [project]/components/blog/BlogLayout.tsx [app-rsc] (ecmascript).
Did you mean to import BlogLayout?
All exports of the module are statically known (It doesn't have dynamic exports). So it's known statically that the requested export doesn't exist.


./app/blog/how-to-use-sip-calculator/page.tsx:2:1
Export default doesn't exist in target module
[0m [90m 1 |[39m [36mimport[39m { [33mMetadata[39m } [36mfrom[39m [32m'next'[39m[33m;[39m
[31m[1m>[22m[39m[90m 2 |[39m [36mimport[39m [33mBlogLayout[39m [36mfrom[39m [32m'@/components/blog/BlogLayout'[39m[33m;[39m
 [90m   |[39m [31m[1m^[22m[39m[31m[1m^[22m[39m[31m[1m^[22m[39m[31m[1m^[22m[39m[31m[1m^[22m[39m[31m[1m^[22m[39m[31m[1m^[22m[39m[31m[1m^[22m[39m[31m[1m^[22m[39m[31m[1m^[22m[39m[31m[1m^[22m[39m[31m[1m^[22m[39m[31m[1m^[22m[39m[31m[1m^[22m[39m[31m[1m^[22m[39m[31m[1m^[22m[39m[31m[1m^[22m[39m[31m[1m^[22m[39m[31m[1m^[22m[39m[31m[1m^[22m[39m[31m[1m^[22m[39m[31m[1m^[22m[39m[31m[1m^[22m[39m[31m[1m^[22m[39m[31m[1m^[22m[39m[31m[1m^[22m[39m[31m[1m^[22m[39m[31m[1m^[22m[39m[31m[1m^[22m[39m[31m[1m^[22m[39m[31m[1m^[22m[39m[31m[1m^[22m[39m[31m[1m^[22m[39m[31m[1m^[22m[39m[31m[1m^[22m[39m[31m[1m^[22m[39m[31m[1m^[22m[39m[31m[1m^[22m[39m[31m[1m^[22m[39m[31m[1m^[22m[39m[31m[1m^[22m[39m[31m[1m^[22m[39m[31m[1m^[22m[39m[31m[1m^[22m[39m[31m[1m^[22m[39m[31m[1m^[22m[39m[31m[1m^[22m[39m[31m[1m^[22m[39m[31m[1m^[22m[39m[31m[1m^[22m[39m[31m[1m^[22m[39m[31m[1m^[22m[39m[31m[1m^[22m[39m[31m[1m^[22m[39m
 [90m 3 |[39m
 [90m 4 |[39m [36mexport[39m [36mconst[39m metadata[33m:[39m [33mMetadata[39m [33m=[39m {
 [90m 5 |[39m   title[33m:[39m [32m'How to use the SIP Calculator | CostSmart Guide'[39m[33m,[39m[0m

The export default was not found in module [project]/components/blog/BlogLayout.tsx [app-rsc] (ecmascript).
Did you mean to import BlogLayout?
All exports of the module are statically known (It doesn't have dynamic exports). So it's known statically that the requested export doesn't exist.


./app/blog/how-to-use-solar-roi-calculator/page.tsx:2:1
Export default doesn't exist in target module
[0m [90m 1 |[39m [36mimport[39m { [33mMetadata[39m } [36mfrom[39m [32m'next'[39m[33m;[39m
[31m[1m>[22m[39m[90m 2 |[39m [36mimport[39m [33mBlogLayout[39m [36mfrom[39m [32m'@/components/blog/BlogLayout'[39m[33m;[39m
 [90m   |[39m [31m[1m^[22m[39m[31m[1m^[22m[39m[31m[1m^[22m[39m[31m[1m^[22m[39m[31m[1m^[22m[39m[31m[1m^[22m[39m[31m[1m^[22m[39m[31m[1m^[22m[39m[31m[1m^[22m[39m[31m[1m^[22m[39m[31m[1m^[22m[39m[31m[1m^[22m[39m[31m[1m^[22m[39m[31m[1m^[22m[39m[31m[1m^[22m[39m[31m[1m^[22m[39m[31m[1m^[22m[39m[31m[1m^[22m[39m[31m[1m^[22m[39m[31m[1m^[22m[39m[31m[1m^[22m[39m[31m[1m^[22m[39m[31m[1m^[22m[39m[31m[1m^[22m[39m[31m[1m^[22m[39m[31m[1m^[22m[39m[31m[1m^[22m[39m[31m[1m^[22m[39m[31m[1m^[22m[39m[31m[1m^[22m[39m[31m[1m^[22m[39m[31m[1m^[22m[39m[31m[1m^[22m[39m[31m[1m^[22m[39m[31m[1m^[22m[39m[31m[1m^[22m[39m[31m[1m^[22m[39m[31m[1m^[22m[39m[31m[1m^[22m[39m[31m[1m^[22m[39m[31m[1m^[22m[39m[31m[1m^[22m[39m[31m[1m^[22m[39m[31m[1m^[22m[39m[31m[1m^[22m[39m[31m[1m^[22m[39m[31m[1m^[22m[39m[31m[1m^[22m[39m[31m[1m^[22m[39m[31m[1m^[22m[39m[31m[1m^[22m[39m[31m[1m^[22m[39m[31m[1m^[22m[39m[31m[1m^[22m[39m
 [90m 3 |[39m
 [90m 4 |[39m [36mexport[39m [36mconst[39m metadata[33m:[39m [33mMetadata[39m [33m=[39m {
 [90m 5 |[39m   title[33m:[39m [32m'How to use the Solar ROI Calculator | CostSmart Guide'[39m[33m,[39m[0m

The export default was not found in module [project]/components/blog/BlogLayout.tsx [app-rsc] (ecmascript).
Did you mean to import BlogLayout?
All exports of the module are statically known (It doesn't have dynamic exports). So it's known statically that the requested export doesn't exist.


./app/blog/how-to-use-stamp-duty-calculator/page.tsx:2:1
Export default doesn't exist in target module
[0m [90m 1 |[39m [36mimport[39m { [33mMetadata[39m } [36mfrom[39m [32m'next'[39m[33m;[39m
[31m[1m>[22m[39m[90m 2 |[39m [36mimport[39m [33mBlogLayout[39m [36mfrom[39m [32m'@/components/blog/BlogLayout'[39m[33m;[39m
 [90m   |[39m [31m[1m^[22m[39m[31m[1m^[22m[39m[31m[1m^[22m[39m[31m[1m^[22m[39m[31m[1m^[22m[39m[31m[1m^[22m[39m[31m[1m^[22m[39m[31m[1m^[22m[39m[31m[1m^[22m[39m[31m[1m^[22m[39m[31m[1m^[22m[39m[31m[1m^[22m[39m[31m[1m^[22m[39m[31m[1m^[22m[39m[31m[1m^[22m[39m[31m[1m^[22m[39m[31m[1m^[22m[39m[31m[1m^[22m[39m[31m[1m^[22m[39m[31m[1m^[22m[39m[31m[1m^[22m[39m[31m[1m^[22m[39m[31m[1m^[22m[39m[31m[1m^[22m[39m[31m[1m^[22m[39m[31m[1m^[22m[39m[31m[1m^[22m[39m[31m[1m^[22m[39m[31m[1m^[22m[39m[31m[1m^[22m[39m[31m[1m^[22m[39m[31m[1m^[22m[39m[31m[1m^[22m[39m[31m[1m^[22m[39m[31m[1m^[22m[39m[31m[1m^[22m[39m[31m[1m^[22m[39m[31m[1m^[22m[39m[31m[1m^[22m[39m[31m[1m^[22m[39m[31m[1m^[22m[39m[31m[1m^[22m[39m[31m[1m^[22m[39m[31m[1m^[22m[39m[31m[1m^[22m[39m[31m[1m^[22m[39m[31m[1m^[22m[39m[31m[1m^[22m[39m[31m[1m^[22m[39m[31m[1m^[22m[39m[31m[1m^[22m[39m[31m[1m^[22m[39m[31m[1m^[22m[39m[31m[1m^[22m[39m
 [90m 3 |[39m
 [90m 4 |[39m [36mexport[39m [36mconst[39m metadata[33m:[39m [33mMetadata[39m [33m=[39m {
 [90m 5 |[39m   title[33m:[39m [32m'How to use the Stamp Duty Calculator | CostSmart Guide'[39m[33m,[39m[0m

The export default was not found in module [project]/components/blog/BlogLayout.tsx [app-rsc] (ecmascript).
Did you mean to import BlogLayout?
All exports of the module are statically known (It doesn't have dynamic exports). So it's known statically that the requested export doesn't exist.


./app/blog/how-to-use-tds-calculator/page.tsx:2:1
Export default doesn't exist in target module
[0m [90m 1 |[39m [36mimport[39m { [33mMetadata[39m } [36mfrom[39m [32m'next'[39m[33m;[39m
[31m[1m>[22m[39m[90m 2 |[39m [36mimport[39m [33mBlogLayout[39m [36mfrom[39m [32m'@/components/blog/BlogLayout'[39m[33m;[39m
 [90m   |[39m [31m[1m^[22m[39m[31m[1m^[22m[39m[31m[1m^[22m[39m[31m[1m^[22m[39m[31m[1m^[22m[39m[31m[1m^[22m[39m[31m[1m^[22m[39m[31m[1m^[22m[39m[31m[1m^[22m[39m[31m[1m^[22m[39m[31m[1m^[22m[39m[31m[1m^[22m[39m[31m[1m^[22m[39m[31m[1m^[22m[39m[31m[1m^[22m[39m[31m[1m^[22m[39m[31m[1m^[22m[39m[31m[1m^[22m[39m[31m[1m^[22m[39m[31m[1m^[22m[39m[31m[1m^[22m[39m[31m[1m^[22m[39m[31m[1m^[22m[39m[31m[1m^[22m[39m[31m[1m^[22m[39m[31m[1m^[22m[39m[31m[1m^[22m[39m[31m[1m^[22m[39m[31m[1m^[22m[39m[31m[1m^[22m[39m[31m[1m^[22m[39m[31m[1m^[22m[39m[31m[1m^[22m[39m[31m[1m^[22m[39m[31m[1m^[22m[39m[31m[1m^[22m[39m[31m[1m^[22m[39m[31m[1m^[22m[39m[31m[1m^[22m[39m[31m[1m^[22m[39m[31m[1m^[22m[39m[31m[1m^[22m[39m[31m[1m^[22m[39m[31m[1m^[22m[39m[31m[1m^[22m[39m[31m[1m^[22m[39m[31m[1m^[22m[39m[31m[1m^[22m[39m[31m[1m^[22m[39m[31m[1m^[22m[39m[31m[1m^[22m[39m[31m[1m^[22m[39m[31m[1m^[22m[39m[31m[1m^[22m[39m
 [90m 3 |[39m
 [90m 4 |[39m [36mexport[39m [36mconst[39m metadata[33m:[39m [33mMetadata[39m [33m=[39m {
 [90m 5 |[39m   title[33m:[39m [32m'How to use the TDS Calculator | CostSmart Guide'[39m[33m,[39m[0m

The export default was not found in module [project]/components/blog/BlogLayout.tsx [app-rsc] (ecmascript).
Did you mean to import BlogLayout?
All exports of the module are statically known (It doesn't have dynamic exports). So it's known statically that the requested export doesn't exist.


./app/blog/how-to-use-water-bill-calculator/page.tsx:2:1
Export default doesn't exist in target module
[0m [90m 1 |[39m [36mimport[39m { [33mMetadata[39m } [36mfrom[39m [32m'next'[39m[33m;[39m
[31m[1m>[22m[39m[90m 2 |[39m [36mimport[39m [33mBlogLayout[39m [36mfrom[39m [32m'@/components/blog/BlogLayout'[39m[33m;[39m
 [90m   |[39m [31m[1m^[22m[39m[31m[1m^[22m[39m[31m[1m^[22m[39m[31m[1m^[22m[39m[31m[1m^[22m[39m[31m[1m^[22m[39m[31m[1m^[22m[39m[31m[1m^[22m[39m[31m[1m^[22m[39m[31m[1m^[22m[39m[31m[1m^[22m[39m[31m[1m^[22m[39m[31m[1m^[22m[39m[31m[1m^[22m[39m[31m[1m^[22m[39m[31m[1m^[22m[39m[31m[1m^[22m[39m[31m[1m^[22m[39m[31m[1m^[22m[39m[31m[1m^[22m[39m[31m[1m^[22m[39m[31m[1m^[22m[39m[31m[1m^[22m[39m[31m[1m^[22m[39m[31m[1m^[22m[39m[31m[1m^[22m[39m[31m[1m^[22m[39m[31m[1m^[22m[39m[31m[1m^[22m[39m[31m[1m^[22m[39m[31m[1m^[22m[39m[31m[1m^[22m[39m[31m[1m^[22m[39m[31m[1m^[22m[39m[31m[1m^[22m[39m[31m[1m^[22m[39m[31m[1m^[22m[39m[31m[1m^[22m[39m[31m[1m^[22m[39m[31m[1m^[22m[39m[31m[1m^[22m[39m[31m[1m^[22m[39m[31m[1m^[22m[39m[31m[1m^[22m[39m[31m[1m^[22m[39m[31m[1m^[22m[39m[31m[1m^[22m[39m[31m[1m^[22m[39m[31m[1m^[22m[39m[31m[1m^[22m[39m[31m[1m^[22m[39m[31m[1m^[22m[39m[31m[1m^[22m[39m[31m[1m^[22m[39m
 [90m 3 |[39m
 [90m 4 |[39m [36mexport[39m [36mconst[39m metadata[33m:[39m [33mMetadata[39m [33m=[39m {
 [90m 5 |[39m   title[33m:[39m [32m'How to use the Water Bill Calculator | CostSmart Guide'[39m[33m,[39m[0m

The export default was not found in module [project]/components/blog/BlogLayout.tsx [app-rsc] (ecmascript).
Did you mean to import BlogLayout?
All exports of the module are statically known (It doesn't have dynamic exports). So it's known statically that the requested export doesn't exist.


./app/blog/ultimate-guide-break-even-point/page.tsx:2:1
Export default doesn't exist in target module
[0m [90m 1 |[39m [36mimport[39m { [33mMetadata[39m } [36mfrom[39m [32m'next'[39m[33m;[39m
[31m[1m>[22m[39m[90m 2 |[39m [36mimport[39m [33mBlogLayout[39m [36mfrom[39m [32m'@/components/blog/BlogLayout'[39m[33m;[39m
 [90m   |[39m [31m[1m^[22m[39m[31m[1m^[22m[39m[31m[1m^[22m[39m[31m[1m^[22m[39m[31m[1m^[22m[39m[31m[1m^[22m[39m[31m[1m^[22m[39m[31m[1m^[22m[39m[31m[1m^[22m[39m[31m[1m^[22m[39m[31m[1m^[22m[39m[31m[1m^[22m[39m[31m[1m^[22m[39m[31m[1m^[22m[39m[31m[1m^[22m[39m[31m[1m^[22m[39m[31m[1m^[22m[39m[31m[1m^[22m[39m[31m[1m^[22m[39m[31m[1m^[22m[39m[31m[1m^[22m[39m[31m[1m^[22m[39m[31m[1m^[22m[39m[31m[1m^[22m[39m[31m[1m^[22m[39m[31m[1m^[22m[39m[31m[1m^[22m[39m[31m[1m^[22m[39m[31m[1m^[22m[39m[31m[1m^[22m[39m[31m[1m^[22m[39m[31m[1m^[22m[39m[31m[1m^[22m[39m[31m[1m^[22m[39m[31m[1m^[22m[39m[31m[1m^[22m[39m[31m[1m^[22m[39m[31m[1m^[22m[39m[31m[1m^[22m[39m[31m[1m^[22m[39m[31m[1m^[22m[39m[31m[1m^[22m[39m[31m[1m^[22m[39m[31m[1m^[22m[39m[31m[1m^[22m[39m[31m[1m^[22m[39m[31m[1m^[22m[39m[31m[1m^[22m[39m[31m[1m^[22m[39m[31m[1m^[22m[39m[31m[1m^[22m[39m[31m[1m^[22m[39m[31m[1m^[22m[39m[31m[1m^[22m[39m
 [90m 3 |[39m
 [90m 4 |[39m [36mexport[39m [36mconst[39m metadata[33m:[39m [33mMetadata[39m [33m=[39m {
 [90m 5 |[39m   title[33m:[39m [32m'Ultimate Guide to Break-Even Point Calculation | CostSmart'[39m[33m,[39m[0m

The export default was not found in module [project]/components/blog/BlogLayout.tsx [app-rsc] (ecmascript).
Did you mean to import BlogLayout?
All exports of the module are statically known (It doesn't have dynamic exports). So it's known statically that the requested export doesn't exist.


./app/blog/ultimate-guide-business-loan-emi/page.tsx:2:1
Export default doesn't exist in target module
[0m [90m 1 |[39m [36mimport[39m { [33mMetadata[39m } [36mfrom[39m [32m'next'[39m[33m;[39m
[31m[1m>[22m[39m[90m 2 |[39m [36mimport[39m [33mBlogLayout[39m [36mfrom[39m [32m'@/components/blog/BlogLayout'[39m[33m;[39m
 [90m   |[39m [31m[1m^[22m[39m[31m[1m^[22m[39m[31m[1m^[22m[39m[31m[1m^[22m[39m[31m[1m^[22m[39m[31m[1m^[22m[39m[31m[1m^[22m[39m[31m[1m^[22m[39m[31m[1m^[22m[39m[31m[1m^[22m[39m[31m[1m^[22m[39m[31m[1m^[22m[39m[31m[1m^[22m[39m[31m[1m^[22m[39m[31m[1m^[22m[39m[31m[1m^[22m[39m[31m[1m^[22m[39m[31m[1m^[22m[39m[31m[1m^[22m[39m[31m[1m^[22m[39m[31m[1m^[22m[39m[31m[1m^[22m[39m[31m[1m^[22m[39m[31m[1m^[22m[39m[31m[1m^[22m[39m[31m[1m^[22m[39m[31m[1m^[22m[39m[31m[1m^[22m[39m[31m[1m^[22m[39m[31m[1m^[22m[39m[31m[1m^[22m[39m[31m[1m^[22m[39m[31m[1m^[22m[39m[31m[1m^[22m[39m[31m[1m^[22m[39m[31m[1m^[22m[39m[31m[1m^[22m[39m[31m[1m^[22m[39m[31m[1m^[22m[39m[31m[1m^[22m[39m[31m[1m^[22m[39m[31m[1m^[22m[39m[31m[1m^[22m[39m[31m[1m^[22m[39m[31m[1m^[22m[39m[31m[1m^[22m[39m[31m[1m^[22m[39m[31m[1m^[22m[39m[31m[1m^[22m[39m[31m[1m^[22m[39m[31m[1m^[22m[39m[31m[1m^[22m[39m[31m[1m^[22m[39m[31m[1m^[22m[39m
 [90m 3 |[39m
 [90m 4 |[39m [36mexport[39m [36mconst[39m metadata[33m:[39m [33mMetadata[39m [33m=[39m {
 [90m 5 |[39m   title[33m:[39m [32m'Ultimate Guide to Business Loan EMI Calculation | CostSmart'[39m[33m,[39m[0m

The export default was not found in module [project]/components/blog/BlogLayout.tsx [app-rsc] (ecmascript).
Did you mean to import BlogLayout?
All exports of the module are statically known (It doesn't have dynamic exports). So it's known statically that the requested export doesn't exist.


./app/blog/ultimate-guide-currency-exchange/page.tsx:2:1
Export default doesn't exist in target module
[0m [90m 1 |[39m [36mimport[39m { [33mMetadata[39m } [36mfrom[39m [32m'next'[39m[33m;[39m
[31m[1m>[22m[39m[90m 2 |[39m [36mimport[39m [33mBlogLayout[39m [36mfrom[39m [32m'@/components/blog/BlogLayout'[39m[33m;[39m
 [90m   |[39m [31m[1m^[22m[39m[31m[1m^[22m[39m[31m[1m^[22m[39m[31m[1m^[22m[39m[31m[1m^[22m[39m[31m[1m^[22m[39m[31m[1m^[22m[39m[31m[1m^[22m[39m[31m[1m^[22m[39m[31m[1m^[22m[39m[31m[1m^[22m[39m[31m[1m^[22m[39m[31m[1m^[22m[39m[31m[1m^[22m[39m[31m[1m^[22m[39m[31m[1m^[22m[39m[31m[1m^[22m[39m[31m[1m^[22m[39m[31m[1m^[22m[39m[31m[1m^[22m[39m[31m[1m^[22m[39m[31m[1m^[22m[39m[31m[1m^[22m[39m[31m[1m^[22m[39m[31m[1m^[22m[39m[31m[1m^[22m[39m[31m[1m^[22m[39m[31m[1m^[22m[39m[31m[1m^[22m[39m[31m[1m^[22m[39m[31m[1m^[22m[39m[31m[1m^[22m[39m[31m[1m^[22m[39m[31m[1m^[22m[39m[31m[1m^[22m[39m[31m[1m^[22m[39m[31m[1m^[22m[39m[31m[1m^[22m[39m[31m[1m^[22m[39m[31m[1m^[22m[39m[31m[1m^[22m[39m[31m[1m^[22m[39m[31m[1m^[22m[39m[31m[1m^[22m[39m[31m[1m^[22m[39m[31m[1m^[22m[39m[31m[1m^[22m[39m[31m[1m^[22m[39m[31m[1m^[22m[39m[31m[1m^[22m[39m[31m[1m^[22m[39m[31m[1m^[22m[39m[31m[1m^[22m[39m[31m[1m^[22m[39m
 [90m 3 |[39m
 [90m 4 |[39m [36mexport[39m [36mconst[39m metadata[33m:[39m [33mMetadata[39m [33m=[39m {
 [90m 5 |[39m   title[33m:[39m [32m'Ultimate Guide to Currency Exchange Calculation | CostSmart'[39m[33m,[39m[0m

The export default was not found in module [project]/components/blog/BlogLayout.tsx [app-rsc] (ecmascript).
Did you mean to import BlogLayout?
All exports of the module are statically known (It doesn't have dynamic exports). So it's known statically that the requested export doesn't exist.


./app/blog/ultimate-guide-debt-free-date/page.tsx:2:1
Export default doesn't exist in target module
[0m [90m 1 |[39m [36mimport[39m { [33mMetadata[39m } [36mfrom[39m [32m'next'[39m[33m;[39m
[31m[1m>[22m[39m[90m 2 |[39m [36mimport[39m [33mBlogLayout[39m [36mfrom[39m [32m'@/components/blog/BlogLayout'[39m[33m;[39m
 [90m   |[39m [31m[1m^[22m[39m[31m[1m^[22m[39m[31m[1m^[22m[39m[31m[1m^[22m[39m[31m[1m^[22m[39m[31m[1m^[22m[39m[31m[1m^[22m[39m[31m[1m^[22m[39m[31m[1m^[22m[39m[31m[1m^[22m[39m[31m[1m^[22m[39m[31m[1m^[22m[39m[31m[1m^[22m[39m[31m[1m^[22m[39m[31m[1m^[22m[39m[31m[1m^[22m[39m[31m[1m^[22m[39m[31m[1m^[22m[39m[31m[1m^[22m[39m[31m[1m^[22m[39m[31m[1m^[22m[39m[31m[1m^[22m[39m[31m[1m^[22m[39m[31m[1m^[22m[39m[31m[1m^[22m[39m[31m[1m^[22m[39m[31m[1m^[22m[39m[31m[1m^[22m[39m[31m[1m^[22m[39m[31m[1m^[22m[39m[31m[1m^[22m[39m[31m[1m^[22m[39m[31m[1m^[22m[39m[31m[1m^[22m[39m[31m[1m^[22m[39m[31m[1m^[22m[39m[31m[1m^[22m[39m[31m[1m^[22m[39m[31m[1m^[22m[39m[31m[1m^[22m[39m[31m[1m^[22m[39m[31m[1m^[22m[39m[31m[1m^[22m[39m[31m[1m^[22m[39m[31m[1m^[22m[39m[31m[1m^[22m[39m[31m[1m^[22m[39m[31m[1m^[22m[39m[31m[1m^[22m[39m[31m[1m^[22m[39m[31m[1m^[22m[39m[31m[1m^[22m[39m[31m[1m^[22m[39m[31m[1m^[22m[39m
 [90m 3 |[39m
 [90m 4 |[39m [36mexport[39m [36mconst[39m metadata[33m:[39m [33mMetadata[39m [33m=[39m {
 [90m 5 |[39m   title[33m:[39m [32m'Ultimate Guide to Debt Free Date Calculation | CostSmart'[39m[33m,[39m[0m

The export default was not found in module [project]/components/blog/BlogLayout.tsx [app-rsc] (ecmascript).
Did you mean to import BlogLayout?
All exports of the module are statically known (It doesn't have dynamic exports). So it's known statically that the requested export doesn't exist.


./app/blog/ultimate-guide-electricity-bill/page.tsx:2:1
Export default doesn't exist in target module
[0m [90m 1 |[39m [36mimport[39m { [33mMetadata[39m } [36mfrom[39m [32m'next'[39m[33m;[39m
[31m[1m>[22m[39m[90m 2 |[39m [36mimport[39m [33mBlogLayout[39m [36mfrom[39m [32m'@/components/blog/BlogLayout'[39m[33m;[39m
 [90m   |[39m [31m[1m^[22m[39m[31m[1m^[22m[39m[31m[1m^[22m[39m[31m[1m^[22m[39m[31m[1m^[22m[39m[31m[1m^[22m[39m[31m[1m^[22m[39m[31m[1m^[22m[39m[31m[1m^[22m[39m[31m[1m^[22m[39m[31m[1m^[22m[39m[31m[1m^[22m[39m[31m[1m^[22m[39m[31m[1m^[22m[39m[31m[1m^[22m[39m[31m[1m^[22m[39m[31m[1m^[22m[39m[31m[1m^[22m[39m[31m[1m^[22m[39m[31m[1m^[22m[39m[31m[1m^[22m[39m[31m[1m^[22m[39m[31m[1m^[22m[39m[31m[1m^[22m[39m[31m[1m^[22m[39m[31m[1m^[22m[39m[31m[1m^[22m[39m[31m[1m^[22m[39m[31m[1m^[22m[39m[31m[1m^[22m[39m[31m[1m^[22m[39m[31m[1m^[22m[39m[31m[1m^[22m[39m[31m[1m^[22m[39m[31m[1m^[22m[39m[31m[1m^[22m[39m[31m[1m^[22m[39m[31m[1m^[22m[39m[31m[1m^[22m[39m[31m[1m^[22m[39m[31m[1m^[22m[39m[31m[1m^[22m[39m[31m[1m^[22m[39m[31m[1m^[22m[39m[31m[1m^[22m[39m[31m[1m^[22m[39m[31m[1m^[22m[39m[31m[1m^[22m[39m[31m[1m^[22m[39m[31m[1m^[22m[39m[31m[1m^[22m[39m[31m[1m^[22m[39m[31m[1m^[22m[39m[31m[1m^[22m[39m
 [90m 3 |[39m
 [90m 4 |[39m [36mexport[39m [36mconst[39m metadata[33m:[39m [33mMetadata[39m [33m=[39m {
 [90m 5 |[39m   title[33m:[39m [32m'Ultimate Guide to Electricity Bill Calculation | CostSmart'[39m[33m,[39m[0m

The export default was not found in module [project]/components/blog/BlogLayout.tsx [app-rsc] (ecmascript).
Did you mean to import BlogLayout?
All exports of the module are statically known (It doesn't have dynamic exports). So it's known statically that the requested export doesn't exist.


./app/blog/ultimate-guide-emergency-fund/page.tsx:2:1
Export default doesn't exist in target module
[0m [90m 1 |[39m [36mimport[39m { [33mMetadata[39m } [36mfrom[39m [32m'next'[39m[33m;[39m
[31m[1m>[22m[39m[90m 2 |[39m [36mimport[39m [33mBlogLayout[39m [36mfrom[39m [32m'@/components/blog/BlogLayout'[39m[33m;[39m
 [90m   |[39m [31m[1m^[22m[39m[31m[1m^[22m[39m[31m[1m^[22m[39m[31m[1m^[22m[39m[31m[1m^[22m[39m[31m[1m^[22m[39m[31m[1m^[22m[39m[31m[1m^[22m[39m[31m[1m^[22m[39m[31m[1m^[22m[39m[31m[1m^[22m[39m[31m[1m^[22m[39m[31m[1m^[22m[39m[31m[1m^[22m[39m[31m[1m^[22m[39m[31m[1m^[22m[39m[31m[1m^[22m[39m[31m[1m^[22m[39m[31m[1m^[22m[39m[31m[1m^[22m[39m[31m[1m^[22m[39m[31m[1m^[22m[39m[31m[1m^[22m[39m[31m[1m^[22m[39m[31m[1m^[22m[39m[31m[1m^[22m[39m[31m[1m^[22m[39m[31m[1m^[22m[39m[31m[1m^[22m[39m[31m[1m^[22m[39m[31m[1m^[22m[39m[31m[1m^[22m[39m[31m[1m^[22m[39m[31m[1m^[22m[39m[31m[1m^[22m[39m[31m[1m^[22m[39m[31m[1m^[22m[39m[31m[1m^[22m[39m[31m[1m^[22m[39m[31m[1m^[22m[39m[31m[1m^[22m[39m[31m[1m^[22m[39m[31m[1m^[22m[39m[31m[1m^[22m[39m[31m[1m^[22m[39m[31m[1m^[22m[39m[31m[1m^[22m[39m[31m[1m^[22m[39m[31m[1m^[22m[39m[31m[1m^[22m[39m[31m[1m^[22m[39m[31m[1m^[22m[39m[31m[1m^[22m[39m[31m[1m^[22m[39m
 [90m 3 |[39m
 [90m 4 |[39m [36mexport[39m [36mconst[39m metadata[33m:[39m [33mMetadata[39m [33m=[39m {
 [90m 5 |[39m   title[33m:[39m [32m'Ultimate Guide to Emergency Fund Calculation | CostSmart'[39m[33m,[39m[0m

The export default was not found in module [project]/components/blog/BlogLayout.tsx [app-rsc] (ecmascript).
Did you mean to import BlogLayout?
All exports of the module are statically known (It doesn't have dynamic exports). So it's known statically that the requested export doesn't exist.


./app/blog/ultimate-guide-fixed-deposit-interest/page.tsx:2:1
Export default doesn't exist in target module
[0m [90m 1 |[39m [36mimport[39m { [33mMetadata[39m } [36mfrom[39m [32m'next'[39m[33m;[39m
[31m[1m>[22m[39m[90m 2 |[39m [36mimport[39m [33mBlogLayout[39m [36mfrom[39m [32m'@/components/blog/BlogLayout'[39m[33m;[39m
 [90m   |[39m [31m[1m^[22m[39m[31m[1m^[22m[39m[31m[1m^[22m[39m[31m[1m^[22m[39m[31m[1m^[22m[39m[31m[1m^[22m[39m[31m[1m^[22m[39m[31m[1m^[22m[39m[31m[1m^[22m[39m[31m[1m^[22m[39m[31m[1m^[22m[39m[31m[1m^[22m[39m[31m[1m^[22m[39m[31m[1m^[22m[39m[31m[1m^[22m[39m[31m[1m^[22m[39m[31m[1m^[22m[39m[31m[1m^[22m[39m[31m[1m^[22m[39m[31m[1m^[22m[39m[31m[1m^[22m[39m[31m[1m^[22m[39m[31m[1m^[22m[39m[31m[1m^[22m[39m[31m[1m^[22m[39m[31m[1m^[22m[39m[31m[1m^[22m[39m[31m[1m^[22m[39m[31m[1m^[22m[39m[31m[1m^[22m[39m[31m[1m^[22m[39m[31m[1m^[22m[39m[31m[1m^[22m[39m[31m[1m^[22m[39m[31m[1m^[22m[39m[31m[1m^[22m[39m[31m[1m^[22m[39m[31m[1m^[22m[39m[31m[1m^[22m[39m[31m[1m^[22m[39m[31m[1m^[22m[39m[31m[1m^[22m[39m[31m[1m^[22m[39m[31m[1m^[22m[39m[31m[1m^[22m[39m[31m[1m^[22m[39m[31m[1m^[22m[39m[31m[1m^[22m[39m[31m[1m^[22m[39m[31m[1m^[22m[39m[31m[1m^[22m[39m[31m[1m^[22m[39m[31m[1m^[22m[39m[31m[1m^[22m[39m
 [90m 3 |[39m
 [90m 4 |[39m [36mexport[39m [36mconst[39m metadata[33m:[39m [33mMetadata[39m [33m=[39m {
 [90m 5 |[39m   title[33m:[39m [32m'Ultimate Guide to Fixed Deposit Interest Calculation | CostSmart'[39m[33m,[39m[0m

The export default was not found in module [project]/components/blog/BlogLayout.tsx [app-rsc] (ecmascript).
Did you mean to import BlogLayout?
All exports of the module are statically known (It doesn't have dynamic exports). So it's known statically that the requested export doesn't exist.


./app/blog/ultimate-guide-freelance-hourly-rate/page.tsx:2:1
Export default doesn't exist in target module
[0m [90m 1 |[39m [36mimport[39m { [33mMetadata[39m } [36mfrom[39m [32m'next'[39m[33m;[39m
[31m[1m>[22m[39m[90m 2 |[39m [36mimport[39m [33mBlogLayout[39m [36mfrom[39m [32m'@/components/blog/BlogLayout'[39m[33m;[39m
 [90m   |[39m [31m[1m^[22m[39m[31m[1m^[22m[39m[31m[1m^[22m[39m[31m[1m^[22m[39m[31m[1m^[22m[39m[31m[1m^[22m[39m[31m[1m^[22m[39m[31m[1m^[22m[39m[31m[1m^[22m[39m[31m[1m^[22m[39m[31m[1m^[22m[39m[31m[1m^[22m[39m[31m[1m^[22m[39m[31m[1m^[22m[39m[31m[1m^[22m[39m[31m[1m^[22m[39m[31m[1m^[22m[39m[31m[1m^[22m[39m[31m[1m^[22m[39m[31m[1m^[22m[39m[31m[1m^[22m[39m[31m[1m^[22m[39m[31m[1m^[22m[39m[31m[1m^[22m[39m[31m[1m^[22m[39m[31m[1m^[22m[39m[31m[1m^[22m[39m[31m[1m^[22m[39m[31m[1m^[22m[39m[31m[1m^[22m[39m[31m[1m^[22m[39m[31m[1m^[22m[39m[31m[1m^[22m[39m[31m[1m^[22m[39m[31m[1m^[22m[39m[31m[1m^[22m[39m[31m[1m^[22m[39m[31m[1m^[22m[39m[31m[1m^[22m[39m[31m[1m^[22m[39m[31m[1m^[22m[39m[31m[1m^[22m[39m[31m[1m^[22m[39m[31m[1m^[22m[39m[31m[1m^[22m[39m[31m[1m^[22m[39m[31m[1m^[22m[39m[31m[1m^[22m[39m[31m[1m^[22m[39m[31m[1m^[22m[39m[31m[1m^[22m[39m[31m[1m^[22m[39m[31m[1m^[22m[39m[31m[1m^[22m[39m
 [90m 3 |[39m
 [90m 4 |[39m [36mexport[39m [36mconst[39m metadata[33m:[39m [33mMetadata[39m [33m=[39m {
 [90m 5 |[39m   title[33m:[39m [32m'Ultimate Guide to Freelance Hourly Rate Calculation | CostSmart'[39m[33m,[39m[0m

The export default was not found in module [project]/components/blog/BlogLayout.tsx [app-rsc] (ecmascript).
Did you mean to import BlogLayout?
All exports of the module are statically known (It doesn't have dynamic exports). So it's known statically that the requested export doesn't exist.


./app/blog/ultimate-guide-gst-amount/page.tsx:2:1
Export default doesn't exist in target module
[0m [90m 1 |[39m [36mimport[39m { [33mMetadata[39m } [36mfrom[39m [32m'next'[39m[33m;[39m
[31m[1m>[22m[39m[90m 2 |[39m [36mimport[39m [33mBlogLayout[39m [36mfrom[39m [32m'@/components/blog/BlogLayout'[39m[33m;[39m
 [90m   |[39m [31m[1m^[22m[39m[31m[1m^[22m[39m[31m[1m^[22m[39m[31m[1m^[22m[39m[31m[1m^[22m[39m[31m[1m^[22m[39m[31m[1m^[22m[39m[31m[1m^[22m[39m[31m[1m^[22m[39m[31m[1m^[22m[39m[31m[1m^[22m[39m[31m[1m^[22m[39m[31m[1m^[22m[39m[31m[1m^[22m[39m[31m[1m^[22m[39m[31m[1m^[22m[39m[31m[1m^[22m[39m[31m[1m^[22m[39m[31m[1m^[22m[39m[31m[1m^[22m[39m[31m[1m^[22m[39m[31m[1m^[22m[39m[31m[1m^[22m[39m[31m[1m^[22m[39m[31m[1m^[22m[39m[31m[1m^[22m[39m[31m[1m^[22m[39m[31m[1m^[22m[39m[31m[1m^[22m[39m[31m[1m^[22m[39m[31m[1m^[22m[39m[31m[1m^[22m[39m[31m[1m^[22m[39m[31m[1m^[22m[39m[31m[1m^[22m[39m[31m[1m^[22m[39m[31m[1m^[22m[39m[31m[1m^[22m[39m[31m[1m^[22m[39m[31m[1m^[22m[39m[31m[1m^[22m[39m[31m[1m^[22m[39m[31m[1m^[22m[39m[31m[1m^[22m[39m[31m[1m^[22m[39m[31m[1m^[22m[39m[31m[1m^[22m[39m[31m[1m^[22m[39m[31m[1m^[22m[39m[31m[1m^[22m[39m[31m[1m^[22m[39m[31m[1m^[22m[39m[31m[1m^[22m[39m[31m[1m^[22m[39m
 [90m 3 |[39m
 [90m 4 |[39m [36mexport[39m [36mconst[39m metadata[33m:[39m [33mMetadata[39m [33m=[39m {
 [90m 5 |[39m   title[33m:[39m [32m'Ultimate Guide to GST Amount Calculation | CostSmart'[39m[33m,[39m[0m

The export default was not found in module [project]/components/blog/BlogLayout.tsx [app-rsc] (ecmascript).
Did you mean to import BlogLayout?
All exports of the module are statically known (It doesn't have dynamic exports). So it's known statically that the requested export doesn't exist.


./app/blog/ultimate-guide-home-loan-emi/page.tsx:2:1
Export default doesn't exist in target module
[0m [90m 1 |[39m [36mimport[39m { [33mMetadata[39m } [36mfrom[39m [32m'next'[39m[33m;[39m
[31m[1m>[22m[39m[90m 2 |[39m [36mimport[39m [33mBlogLayout[39m [36mfrom[39m [32m'@/components/blog/BlogLayout'[39m[33m;[39m
 [90m   |[39m [31m[1m^[22m[39m[31m[1m^[22m[39m[31m[1m^[22m[39m[31m[1m^[22m[39m[31m[1m^[22m[39m[31m[1m^[22m[39m[31m[1m^[22m[39m[31m[1m^[22m[39m[31m[1m^[22m[39m[31m[1m^[22m[39m[31m[1m^[22m[39m[31m[1m^[22m[39m[31m[1m^[22m[39m[31m[1m^[22m[39m[31m[1m^[22m[39m[31m[1m^[22m[39m[31m[1m^[22m[39m[31m[1m^[22m[39m[31m[1m^[22m[39m[31m[1m^[22m[39m[31m[1m^[22m[39m[31m[1m^[22m[39m[31m[1m^[22m[39m[31m[1m^[22m[39m[31m[1m^[22m[39m[31m[1m^[22m[39m[31m[1m^[22m[39m[31m[1m^[22m[39m[31m[1m^[22m[39m[31m[1m^[22m[39m[31m[1m^[22m[39m[31m[1m^[22m[39m[31m[1m^[22m[39m[31m[1m^[22m[39m[31m[1m^[22m[39m[31m[1m^[22m[39m[31m[1m^[22m[39m[31m[1m^[22m[39m[31m[1m^[22m[39m[31m[1m^[22m[39m[31m[1m^[22m[39m[31m[1m^[22m[39m[31m[1m^[22m[39m[31m[1m^[22m[39m[31m[1m^[22m[39m[31m[1m^[22m[39m[31m[1m^[22m[39m[31m[1m^[22m[39m[31m[1m^[22m[39m[31m[1m^[22m[39m[31m[1m^[22m[39m[31m[1m^[22m[39m[31m[1m^[22m[39m[31m[1m^[22m[39m
 [90m 3 |[39m
 [90m 4 |[39m [36mexport[39m [36mconst[39m metadata[33m:[39m [33mMetadata[39m [33m=[39m {
 [90m 5 |[39m   title[33m:[39m [32m'Ultimate Guide to Home Loan EMI Calculation | CostSmart'[39m[33m,[39m[0m

The export default was not found in module [project]/components/blog/BlogLayout.tsx [app-rsc] (ecmascript).
Did you mean to import BlogLayout?
All exports of the module are statically known (It doesn't have dynamic exports). So it's known statically that the requested export doesn't exist.


./app/blog/ultimate-guide-import-duty/page.tsx:2:1
Export default doesn't exist in target module
[0m [90m 1 |[39m [36mimport[39m { [33mMetadata[39m } [36mfrom[39m [32m'next'[39m[33m;[39m
[31m[1m>[22m[39m[90m 2 |[39m [36mimport[39m [33mBlogLayout[39m [36mfrom[39m [32m'@/components/blog/BlogLayout'[39m[33m;[39m
 [90m   |[39m [31m[1m^[22m[39m[31m[1m^[22m[39m[31m[1m^[22m[39m[31m[1m^[22m[39m[31m[1m^[22m[39m[31m[1m^[22m[39m[31m[1m^[22m[39m[31m[1m^[22m[39m[31m[1m^[22m[39m[31m[1m^[22m[39m[31m[1m^[22m[39m[31m[1m^[22m[39m[31m[1m^[22m[39m[31m[1m^[22m[39m[31m[1m^[22m[39m[31m[1m^[22m[39m[31m[1m^[22m[39m[31m[1m^[22m[39m[31m[1m^[22m[39m[31m[1m^[22m[39m[31m[1m^[22m[39m[31m[1m^[22m[39m[31m[1m^[22m[39m[31m[1m^[22m[39m[31m[1m^[22m[39m[31m[1m^[22m[39m[31m[1m^[22m[39m[31m[1m^[22m[39m[31m[1m^[22m[39m[31m[1m^[22m[39m[31m[1m^[22m[39m[31m[1m^[22m[39m[31m[1m^[22m[39m[31m[1m^[22m[39m[31m[1m^[22m[39m[31m[1m^[22m[39m[31m[1m^[22m[39m[31m[1m^[22m[39m[31m[1m^[22m[39m[31m[1m^[22m[39m[31m[1m^[22m[39m[31m[1m^[22m[39m[31m[1m^[22m[39m[31m[1m^[22m[39m[31m[1m^[22m[39m[31m[1m^[22m[39m[31m[1m^[22m[39m[31m[1m^[22m[39m[31m[1m^[22m[39m[31m[1m^[22m[39m[31m[1m^[22m[39m[31m[1m^[22m[39m[31m[1m^[22m[39m[31m[1m^[22m[39m
 [90m 3 |[39m
 [90m 4 |[39m [36mexport[39m [36mconst[39m metadata[33m:[39m [33mMetadata[39m [33m=[39m {
 [90m 5 |[39m   title[33m:[39m [32m'Ultimate Guide to Import Duty Calculation | CostSmart'[39m[33m,[39m[0m

The export default was not found in module [project]/components/blog/BlogLayout.tsx [app-rsc] (ecmascript).
Did you mean to import BlogLayout?
All exports of the module are statically known (It doesn't have dynamic exports). So it's known statically that the requested export doesn't exist.


./app/blog/ultimate-guide-in-hand-salary/page.tsx:2:1
Export default doesn't exist in target module
[0m [90m 1 |[39m [36mimport[39m { [33mMetadata[39m } [36mfrom[39m [32m'next'[39m[33m;[39m
[31m[1m>[22m[39m[90m 2 |[39m [36mimport[39m [33mBlogLayout[39m [36mfrom[39m [32m'@/components/blog/BlogLayout'[39m[33m;[39m
 [90m   |[39m [31m[1m^[22m[39m[31m[1m^[22m[39m[31m[1m^[22m[39m[31m[1m^[22m[39m[31m[1m^[22m[39m[31m[1m^[22m[39m[31m[1m^[22m[39m[31m[1m^[22m[39m[31m[1m^[22m[39m[31m[1m^[22m[39m[31m[1m^[22m[39m[31m[1m^[22m[39m[31m[1m^[22m[39m[31m[1m^[22m[39m[31m[1m^[22m[39m[31m[1m^[22m[39m[31m[1m^[22m[39m[31m[1m^[22m[39m[31m[1m^[22m[39m[31m[1m^[22m[39m[31m[1m^[22m[39m[31m[1m^[22m[39m[31m[1m^[22m[39m[31m[1m^[22m[39m[31m[1m^[22m[39m[31m[1m^[22m[39m[31m[1m^[22m[39m[31m[1m^[22m[39m[31m[1m^[22m[39m[31m[1m^[22m[39m[31m[1m^[22m[39m[31m[1m^[22m[39m[31m[1m^[22m[39m[31m[1m^[22m[39m[31m[1m^[22m[39m[31m[1m^[22m[39m[31m[1m^[22m[39m[31m[1m^[22m[39m[31m[1m^[22m[39m[31m[1m^[22m[39m[31m[1m^[22m[39m[31m[1m^[22m[39m[31m[1m^[22m[39m[31m[1m^[22m[39m[31m[1m^[22m[39m[31m[1m^[22m[39m[31m[1m^[22m[39m[31m[1m^[22m[39m[31m[1m^[22m[39m[31m[1m^[22m[39m[31m[1m^[22m[39m[31m[1m^[22m[39m[31m[1m^[22m[39m[31m[1m^[22m[39m
 [90m 3 |[39m
 [90m 4 |[39m [36mexport[39m [36mconst[39m metadata[33m:[39m [33mMetadata[39m [33m=[39m {
 [90m 5 |[39m   title[33m:[39m [32m'Ultimate Guide to In-Hand Salary Calculation | CostSmart'[39m[33m,[39m[0m

The export default was not found in module [project]/components/blog/BlogLayout.tsx [app-rsc] (ecmascript).
Did you mean to import BlogLayout?
All exports of the module are statically known (It doesn't have dynamic exports). So it's known statically that the requested export doesn't exist.


./app/blog/ultimate-guide-income-tax-liability/page.tsx:2:1
Export default doesn't exist in target module
[0m [90m 1 |[39m [36mimport[39m { [33mMetadata[39m } [36mfrom[39m [32m'next'[39m[33m;[39m
[31m[1m>[22m[39m[90m 2 |[39m [36mimport[39m [33mBlogLayout[39m [36mfrom[39m [32m'@/components/blog/BlogLayout'[39m[33m;[39m
 [90m   |[39m [31m[1m^[22m[39m[31m[1m^[22m[39m[31m[1m^[22m[39m[31m[1m^[22m[39m[31m[1m^[22m[39m[31m[1m^[22m[39m[31m[1m^[22m[39m[31m[1m^[22m[39m[31m[1m^[22m[39m[31m[1m^[22m[39m[31m[1m^[22m[39m[31m[1m^[22m[39m[31m[1m^[22m[39m[31m[1m^[22m[39m[31m[1m^[22m[39m[31m[1m^[22m[39m[31m[1m^[22m[39m[31m[1m^[22m[39m[31m[1m^[22m[39m[31m[1m^[22m[39m[31m[1m^[22m[39m[31m[1m^[22m[39m[31m[1m^[22m[39m[31m[1m^[22m[39m[31m[1m^[22m[39m[31m[1m^[22m[39m[31m[1m^[22m[39m[31m[1m^[22m[39m[31m[1m^[22m[39m[31m[1m^[22m[39m[31m[1m^[22m[39m[31m[1m^[22m[39m[31m[1m^[22m[39m[31m[1m^[22m[39m[31m[1m^[22m[39m[31m[1m^[22m[39m[31m[1m^[22m[39m[31m[1m^[22m[39m[31m[1m^[22m[39m[31m[1m^[22m[39m[31m[1m^[22m[39m[31m[1m^[22m[39m[31m[1m^[22m[39m[31m[1m^[22m[39m[31m[1m^[22m[39m[31m[1m^[22m[39m[31m[1m^[22m[39m[31m[1m^[22m[39m[31m[1m^[22m[39m[31m[1m^[22m[39m[31m[1m^[22m[39m[31m[1m^[22m[39m[31m[1m^[22m[39m[31m[1m^[22m[39m
 [90m 3 |[39m
 [90m 4 |[39m [36mexport[39m [36mconst[39m metadata[33m:[39m [33mMetadata[39m [33m=[39m {
 [90m 5 |[39m   title[33m:[39m [32m'Ultimate Guide to Income Tax Liability Calculation | CostSmart'[39m[33m,[39m[0m

The export default was not found in module [project]/components/blog/BlogLayout.tsx [app-rsc] (ecmascript).
Did you mean to import BlogLayout?
All exports of the module are statically known (It doesn't have dynamic exports). So it's known statically that the requested export doesn't exist.


./app/blog/ultimate-guide-loan-emi/page.tsx:2:1
Export default doesn't exist in target module
[0m [90m 1 |[39m [36mimport[39m { [33mMetadata[39m } [36mfrom[39m [32m'next'[39m[33m;[39m
[31m[1m>[22m[39m[90m 2 |[39m [36mimport[39m [33mBlogLayout[39m [36mfrom[39m [32m'@/components/blog/BlogLayout'[39m[33m;[39m
 [90m   |[39m [31m[1m^[22m[39m[31m[1m^[22m[39m[31m[1m^[22m[39m[31m[1m^[22m[39m[31m[1m^[22m[39m[31m[1m^[22m[39m[31m[1m^[22m[39m[31m[1m^[22m[39m[31m[1m^[22m[39m[31m[1m^[22m[39m[31m[1m^[22m[39m[31m[1m^[22m[39m[31m[1m^[22m[39m[31m[1m^[22m[39m[31m[1m^[22m[39m[31m[1m^[22m[39m[31m[1m^[22m[39m[31m[1m^[22m[39m[31m[1m^[22m[39m[31m[1m^[22m[39m[31m[1m^[22m[39m[31m[1m^[22m[39m[31m[1m^[22m[39m[31m[1m^[22m[39m[31m[1m^[22m[39m[31m[1m^[22m[39m[31m[1m^[22m[39m[31m[1m^[22m[39m[31m[1m^[22m[39m[31m[1m^[22m[39m[31m[1m^[22m[39m[31m[1m^[22m[39m[31m[1m^[22m[39m[31m[1m^[22m[39m[31m[1m^[22m[39m[31m[1m^[22m[39m[31m[1m^[22m[39m[31m[1m^[22m[39m[31m[1m^[22m[39m[31m[1m^[22m[39m[31m[1m^[22m[39m[31m[1m^[22m[39m[31m[1m^[22m[39m[31m[1m^[22m[39m[31m[1m^[22m[39m[31m[1m^[22m[39m[31m[1m^[22m[39m[31m[1m^[22m[39m[31m[1m^[22m[39m[31m[1m^[22m[39m[31m[1m^[22m[39m[31m[1m^[22m[39m[31m[1m^[22m[39m[31m[1m^[22m[39m
 [90m 3 |[39m
 [90m 4 |[39m [36mexport[39m [36mconst[39m metadata[33m:[39m [33mMetadata[39m [33m=[39m {
 [90m 5 |[39m   title[33m:[39m [32m'Ultimate Guide to Loan EMI Calculation | CostSmart'[39m[33m,[39m[0m

The export default was not found in module [project]/components/blog/BlogLayout.tsx [app-rsc] (ecmascript).
Did you mean to import BlogLayout?
All exports of the module are statically known (It doesn't have dynamic exports). So it's known statically that the requested export doesn't exist.


./app/blog/ultimate-guide-lpg-subsidy/page.tsx:2:1
Export default doesn't exist in target module
[0m [90m 1 |[39m [36mimport[39m { [33mMetadata[39m } [36mfrom[39m [32m'next'[39m[33m;[39m
[31m[1m>[22m[39m[90m 2 |[39m [36mimport[39m [33mBlogLayout[39m [36mfrom[39m [32m'@/components/blog/BlogLayout'[39m[33m;[39m
 [90m   |[39m [31m[1m^[22m[39m[31m[1m^[22m[39m[31m[1m^[22m[39m[31m[1m^[22m[39m[31m[1m^[22m[39m[31m[1m^[22m[39m[31m[1m^[22m[39m[31m[1m^[22m[39m[31m[1m^[22m[39m[31m[1m^[22m[39m[31m[1m^[22m[39m[31m[1m^[22m[39m[31m[1m^[22m[39m[31m[1m^[22m[39m[31m[1m^[22m[39m[31m[1m^[22m[39m[31m[1m^[22m[39m[31m[1m^[22m[39m[31m[1m^[22m[39m[31m[1m^[22m[39m[31m[1m^[22m[39m[31m[1m^[22m[39m[31m[1m^[22m[39m[31m[1m^[22m[39m[31m[1m^[22m[39m[31m[1m^[22m[39m[31m[1m^[22m[39m[31m[1m^[22m[39m[31m[1m^[22m[39m[31m[1m^[22m[39m[31m[1m^[22m[39m[31m[1m^[22m[39m[31m[1m^[22m[39m[31m[1m^[22m[39m[31m[1m^[22m[39m[31m[1m^[22m[39m[31m[1m^[22m[39m[31m[1m^[22m[39m[31m[1m^[22m[39m[31m[1m^[22m[39m[31m[1m^[22m[39m[31m[1m^[22m[39m[31m[1m^[22m[39m[31m[1m^[22m[39m[31m[1m^[22m[39m[31m[1m^[22m[39m[31m[1m^[22m[39m[31m[1m^[22m[39m[31m[1m^[22m[39m[31m[1m^[22m[39m[31m[1m^[22m[39m[31m[1m^[22m[39m[31m[1m^[22m[39m[31m[1m^[22m[39m
 [90m 3 |[39m
 [90m 4 |[39m [36mexport[39m [36mconst[39m metadata[33m:[39m [33mMetadata[39m [33m=[39m {
 [90m 5 |[39m   title[33m:[39m [32m'Ultimate Guide to LPG Subsidy Calculation | CostSmart'[39m[33m,[39m[0m

The export default was not found in module [project]/components/blog/BlogLayout.tsx [app-rsc] (ecmascript).
Did you mean to import BlogLayout?
All exports of the module are statically known (It doesn't have dynamic exports). So it's known statically that the requested export doesn't exist.


./app/blog/ultimate-guide-net-gst-payable/page.tsx:2:1
Export default doesn't exist in target module
[0m [90m 1 |[39m [36mimport[39m { [33mMetadata[39m } [36mfrom[39m [32m'next'[39m[33m;[39m
[31m[1m>[22m[39m[90m 2 |[39m [36mimport[39m [33mBlogLayout[39m [36mfrom[39m [32m'@/components/blog/BlogLayout'[39m[33m;[39m
 [90m   |[39m [31m[1m^[22m[39m[31m[1m^[22m[39m[31m[1m^[22m[39m[31m[1m^[22m[39m[31m[1m^[22m[39m[31m[1m^[22m[39m[31m[1m^[22m[39m[31m[1m^[22m[39m[31m[1m^[22m[39m[31m[1m^[22m[39m[31m[1m^[22m[39m[31m[1m^[22m[39m[31m[1m^[22m[39m[31m[1m^[22m[39m[31m[1m^[22m[39m[31m[1m^[22m[39m[31m[1m^[22m[39m[31m[1m^[22m[39m[31m[1m^[22m[39m[31m[1m^[22m[39m[31m[1m^[22m[39m[31m[1m^[22m[39m[31m[1m^[22m[39m[31m[1m^[22m[39m[31m[1m^[22m[39m[31m[1m^[22m[39m[31m[1m^[22m[39m[31m[1m^[22m[39m[31m[1m^[22m[39m[31m[1m^[22m[39m[31m[1m^[22m[39m[31m[1m^[22m[39m[31m[1m^[22m[39m[31m[1m^[22m[39m[31m[1m^[22m[39m[31m[1m^[22m[39m[31m[1m^[22m[39m[31m[1m^[22m[39m[31m[1m^[22m[39m[31m[1m^[22m[39m[31m[1m^[22m[39m[31m[1m^[22m[39m[31m[1m^[22m[39m[31m[1m^[22m[39m[31m[1m^[22m[39m[31m[1m^[22m[39m[31m[1m^[22m[39m[31m[1m^[22m[39m[31m[1m^[22m[39m[31m[1m^[22m[39m[31m[1m^[22m[39m[31m[1m^[22m[39m[31m[1m^[22m[39m[31m[1m^[22m[39m
 [90m 3 |[39m
 [90m 4 |[39m [36mexport[39m [36mconst[39m metadata[33m:[39m [33mMetadata[39m [33m=[39m {
 [90m 5 |[39m   title[33m:[39m [32m'Ultimate Guide to Net GST Payable Calculation | CostSmart'[39m[33m,[39m[0m

The export default was not found in module [project]/components/blog/BlogLayout.tsx [app-rsc] (ecmascript).
Did you mean to import BlogLayout?
All exports of the module are statically known (It doesn't have dynamic exports). So it's known statically that the requested export doesn't exist.


./app/blog/ultimate-guide-ppf-maturity/page.tsx:2:1
Export default doesn't exist in target module
[0m [90m 1 |[39m [36mimport[39m { [33mMetadata[39m } [36mfrom[39m [32m'next'[39m[33m;[39m
[31m[1m>[22m[39m[90m 2 |[39m [36mimport[39m [33mBlogLayout[39m [36mfrom[39m [32m'@/components/blog/BlogLayout'[39m[33m;[39m
 [90m   |[39m [31m[1m^[22m[39m[31m[1m^[22m[39m[31m[1m^[22m[39m[31m[1m^[22m[39m[31m[1m^[22m[39m[31m[1m^[22m[39m[31m[1m^[22m[39m[31m[1m^[22m[39m[31m[1m^[22m[39m[31m[1m^[22m[39m[31m[1m^[22m[39m[31m[1m^[22m[39m[31m[1m^[22m[39m[31m[1m^[22m[39m[31m[1m^[22m[39m[31m[1m^[22m[39m[31m[1m^[22m[39m[31m[1m^[22m[39m[31m[1m^[22m[39m[31m[1m^[22m[39m[31m[1m^[22m[39m[31m[1m^[22m[39m[31m[1m^[22m[39m[31m[1m^[22m[39m[31m[1m^[22m[39m[31m[1m^[22m[39m[31m[1m^[22m[39m[31m[1m^[22m[39m[31m[1m^[22m[39m[31m[1m^[22m[39m[31m[1m^[22m[39m[31m[1m^[22m[39m[31m[1m^[22m[39m[31m[1m^[22m[39m[31m[1m^[22m[39m[31m[1m^[22m[39m[31m[1m^[22m[39m[31m[1m^[22m[39m[31m[1m^[22m[39m[31m[1m^[22m[39m[31m[1m^[22m[39m[31m[1m^[22m[39m[31m[1m^[22m[39m[31m[1m^[22m[39m[31m[1m^[22m[39m[31m[1m^[22m[39m[31m[1m^[22m[39m[31m[1m^[22m[39m[31m[1m^[22m[39m[31m[1m^[22m[39m[31m[1m^[22m[39m[31m[1m^[22m[39m[31m[1m^[22m[39m[31m[1m^[22m[39m
 [90m 3 |[39m
 [90m 4 |[39m [36mexport[39m [36mconst[39m metadata[33m:[39m [33mMetadata[39m [33m=[39m {
 [90m 5 |[39m   title[33m:[39m [32m'Ultimate Guide to PPF Maturity Calculation | CostSmart'[39m[33m,[39m[0m

The export default was not found in module [project]/components/blog/BlogLayout.tsx [app-rsc] (ecmascript).
Did you mean to import BlogLayout?
All exports of the module are statically known (It doesn't have dynamic exports). So it's known statically that the requested export doesn't exist.


./app/blog/ultimate-guide-professional-invoice/page.tsx:2:1
Export default doesn't exist in target module
[0m [90m 1 |[39m [36mimport[39m { [33mMetadata[39m } [36mfrom[39m [32m'next'[39m[33m;[39m
[31m[1m>[22m[39m[90m 2 |[39m [36mimport[39m [33mBlogLayout[39m [36mfrom[39m [32m'@/components/blog/BlogLayout'[39m[33m;[39m
 [90m   |[39m [31m[1m^[22m[39m[31m[1m^[22m[39m[31m[1m^[22m[39m[31m[1m^[22m[39m[31m[1m^[22m[39m[31m[1m^[22m[39m[31m[1m^[22m[39m[31m[1m^[22m[39m[31m[1m^[22m[39m[31m[1m^[22m[39m[31m[1m^[22m[39m[31m[1m^[22m[39m[31m[1m^[22m[39m[31m[1m^[22m[39m[31m[1m^[22m[39m[31m[1m^[22m[39m[31m[1m^[22m[39m[31m[1m^[22m[39m[31m[1m^[22m[39m[31m[1m^[22m[39m[31m[1m^[22m[39m[31m[1m^[22m[39m[31m[1m^[22m[39m[31m[1m^[22m[39m[31m[1m^[22m[39m[31m[1m^[22m[39m[31m[1m^[22m[39m[31m[1m^[22m[39m[31m[1m^[22m[39m[31m[1m^[22m[39m[31m[1m^[22m[39m[31m[1m^[22m[39m[31m[1m^[22m[39m[31m[1m^[22m[39m[31m[1m^[22m[39m[31m[1m^[22m[39m[31m[1m^[22m[39m[31m[1m^[22m[39m[31m[1m^[22m[39m[31m[1m^[22m[39m[31m[1m^[22m[39m[31m[1m^[22m[39m[31m[1m^[22m[39m[31m[1m^[22m[39m[31m[1m^[22m[39m[31m[1m^[22m[39m[31m[1m^[22m[39m[31m[1m^[22m[39m[31m[1m^[22m[39m[31m[1m^[22m[39m[31m[1m^[22m[39m[31m[1m^[22m[39m[31m[1m^[22m[39m[31m[1m^[22m[39m
 [90m 3 |[39m
 [90m 4 |[39m [36mexport[39m [36mconst[39m metadata[33m:[39m [33mMetadata[39m [33m=[39m {
 [90m 5 |[39m   title[33m:[39m [32m'Ultimate Guide to Professional Invoice Calculation | CostSmart'[39m[33m,[39m[0m

The export default was not found in module [project]/components/blog/BlogLayout.tsx [app-rsc] (ecmascript).
Did you mean to import BlogLayout?
All exports of the module are statically known (It doesn't have dynamic exports). So it's known statically that the requested export doesn't exist.


./app/blog/ultimate-guide-profit-margin/page.tsx:2:1
Export default doesn't exist in target module
[0m [90m 1 |[39m [36mimport[39m { [33mMetadata[39m } [36mfrom[39m [32m'next'[39m[33m;[39m
[31m[1m>[22m[39m[90m 2 |[39m [36mimport[39m [33mBlogLayout[39m [36mfrom[39m [32m'@/components/blog/BlogLayout'[39m[33m;[39m
 [90m   |[39m [31m[1m^[22m[39m[31m[1m^[22m[39m[31m[1m^[22m[39m[31m[1m^[22m[39m[31m[1m^[22m[39m[31m[1m^[22m[39m[31m[1m^[22m[39m[31m[1m^[22m[39m[31m[1m^[22m[39m[31m[1m^[22m[39m[31m[1m^[22m[39m[31m[1m^[22m[39m[31m[1m^[22m[39m[31m[1m^[22m[39m[31m[1m^[22m[39m[31m[1m^[22m[39m[31m[1m^[22m[39m[31m[1m^[22m[39m[31m[1m^[22m[39m[31m[1m^[22m[39m[31m[1m^[22m[39m[31m[1m^[22m[39m[31m[1m^[22m[39m[31m[1m^[22m[39m[31m[1m^[22m[39m[31m[1m^[22m[39m[31m[1m^[22m[39m[31m[1m^[22m[39m[31m[1m^[22m[39m[31m[1m^[22m[39m[31m[1m^[22m[39m[31m[1m^[22m[39m[31m[1m^[22m[39m[31m[1m^[22m[39m[31m[1m^[22m[39m[31m[1m^[22m[39m[31m[1m^[22m[39m[31m[1m^[22m[39m[31m[1m^[22m[39m[31m[1m^[22m[39m[31m[1m^[22m[39m[31m[1m^[22m[39m[31m[1m^[22m[39m[31m[1m^[22m[39m[31m[1m^[22m[39m[31m[1m^[22m[39m[31m[1m^[22m[39m[31m[1m^[22m[39m[31m[1m^[22m[39m[31m[1m^[22m[39m[31m[1m^[22m[39m[31m[1m^[22m[39m[31m[1m^[22m[39m[31m[1m^[22m[39m
 [90m 3 |[39m
 [90m 4 |[39m [36mexport[39m [36mconst[39m metadata[33m:[39m [33mMetadata[39m [33m=[39m {
 [90m 5 |[39m   title[33m:[39m [32m'Ultimate Guide to Profit Margin Calculation | CostSmart'[39m[33m,[39m[0m

The export default was not found in module [project]/components/blog/BlogLayout.tsx [app-rsc] (ecmascript).
Did you mean to import BlogLayout?
All exports of the module are statically known (It doesn't have dynamic exports). So it's known statically that the requested export doesn't exist.


./app/blog/ultimate-guide-property-registration-cost/page.tsx:2:1
Export default doesn't exist in target module
[0m [90m 1 |[39m [36mimport[39m { [33mMetadata[39m } [36mfrom[39m [32m'next'[39m[33m;[39m
[31m[1m>[22m[39m[90m 2 |[39m [36mimport[39m [33mBlogLayout[39m [36mfrom[39m [32m'@/components/blog/BlogLayout'[39m[33m;[39m
 [90m   |[39m [31m[1m^[22m[39m[31m[1m^[22m[39m[31m[1m^[22m[39m[31m[1m^[22m[39m[31m[1m^[22m[39m[31m[1m^[22m[39m[31m[1m^[22m[39m[31m[1m^[22m[39m[31m[1m^[22m[39m[31m[1m^[22m[39m[31m[1m^[22m[39m[31m[1m^[22m[39m[31m[1m^[22m[39m[31m[1m^[22m[39m[31m[1m^[22m[39m[31m[1m^[22m[39m[31m[1m^[22m[39m[31m[1m^[22m[39m[31m[1m^[22m[39m[31m[1m^[22m[39m[31m[1m^[22m[39m[31m[1m^[22m[39m[31m[1m^[22m[39m[31m[1m^[22m[39m[31m[1m^[22m[39m[31m[1m^[22m[39m[31m[1m^[22m[39m[31m[1m^[22m[39m[31m[1m^[22m[39m[31m[1m^[22m[39m[31m[1m^[22m[39m[31m[1m^[22m[39m[31m[1m^[22m[39m[31m[1m^[22m[39m[31m[1m^[22m[39m[31m[1m^[22m[39m[31m[1m^[22m[39m[31m[1m^[22m[39m[31m[1m^[22m[39m[31m[1m^[22m[39m[31m[1m^[22m[39m[31m[1m^[22m[39m[31m[1m^[22m[39m[31m[1m^[22m[39m[31m[1m^[22m[39m[31m[1m^[22m[39m[31m[1m^[22m[39m[31m[1m^[22m[39m[31m[1m^[22m[39m[31m[1m^[22m[39m[31m[1m^[22m[39m[31m[1m^[22m[39m[31m[1m^[22m[39m[31m[1m^[22m[39m
 [90m 3 |[39m
 [90m 4 |[39m [36mexport[39m [36mconst[39m metadata[33m:[39m [33mMetadata[39m [33m=[39m {
 [90m 5 |[39m   title[33m:[39m [32m'Ultimate Guide to Property Registration Cost Calculation | CostSmart'[39m[33m,[39m[0m

The export default was not found in module [project]/components/blog/BlogLayout.tsx [app-rsc] (ecmascript).
Did you mean to import BlogLayout?
All exports of the module are statically known (It doesn't have dynamic exports). So it's known statically that the requested export doesn't exist.


./app/blog/ultimate-guide-property-tax/page.tsx:2:1
Export default doesn't exist in target module
[0m [90m 1 |[39m [36mimport[39m { [33mMetadata[39m } [36mfrom[39m [32m'next'[39m[33m;[39m
[31m[1m>[22m[39m[90m 2 |[39m [36mimport[39m [33mBlogLayout[39m [36mfrom[39m [32m'@/components/blog/BlogLayout'[39m[33m;[39m
 [90m   |[39m [31m[1m^[22m[39m[31m[1m^[22m[39m[31m[1m^[22m[39m[31m[1m^[22m[39m[31m[1m^[22m[39m[31m[1m^[22m[39m[31m[1m^[22m[39m[31m[1m^[22m[39m[31m[1m^[22m[39m[31m[1m^[22m[39m[31m[1m^[22m[39m[31m[1m^[22m[39m[31m[1m^[22m[39m[31m[1m^[22m[39m[31m[1m^[22m[39m[31m[1m^[22m[39m[31m[1m^[22m[39m[31m[1m^[22m[39m[31m[1m^[22m[39m[31m[1m^[22m[39m[31m[1m^[22m[39m[31m[1m^[22m[39m[31m[1m^[22m[39m[31m[1m^[22m[39m[31m[1m^[22m[39m[31m[1m^[22m[39m[31m[1m^[22m[39m[31m[1m^[22m[39m[31m[1m^[22m[39m[31m[1m^[22m[39m[31m[1m^[22m[39m[31m[1m^[22m[39m[31m[1m^[22m[39m[31m[1m^[22m[39m[31m[1m^[22m[39m[31m[1m^[22m[39m[31m[1m^[22m[39m[31m[1m^[22m[39m[31m[1m^[22m[39m[31m[1m^[22m[39m[31m[1m^[22m[39m[31m[1m^[22m[39m[31m[1m^[22m[39m[31m[1m^[22m[39m[31m[1m^[22m[39m[31m[1m^[22m[39m[31m[1m^[22m[39m[31m[1m^[22m[39m[31m[1m^[22m[39m[31m[1m^[22m[39m[31m[1m^[22m[39m[31m[1m^[22m[39m[31m[1m^[22m[39m[31m[1m^[22m[39m
 [90m 3 |[39m
 [90m 4 |[39m [36mexport[39m [36mconst[39m metadata[33m:[39m [33mMetadata[39m [33m=[39m {
 [90m 5 |[39m   title[33m:[39m [32m'Ultimate Guide to Property Tax Calculation | CostSmart'[39m[33m,[39m[0m

The export default was not found in module [project]/components/blog/BlogLayout.tsx [app-rsc] (ecmascript).
Did you mean to import BlogLayout?
All exports of the module are statically known (It doesn't have dynamic exports). So it's known statically that the requested export doesn't exist.


./app/blog/ultimate-guide-rent-vs-buy-decision/page.tsx:2:1
Export default doesn't exist in target module
[0m [90m 1 |[39m [36mimport[39m { [33mMetadata[39m } [36mfrom[39m [32m'next'[39m[33m;[39m
[31m[1m>[22m[39m[90m 2 |[39m [36mimport[39m [33mBlogLayout[39m [36mfrom[39m [32m'@/components/blog/BlogLayout'[39m[33m;[39m
 [90m   |[39m [31m[1m^[22m[39m[31m[1m^[22m[39m[31m[1m^[22m[39m[31m[1m^[22m[39m[31m[1m^[22m[39m[31m[1m^[22m[39m[31m[1m^[22m[39m[31m[1m^[22m[39m[31m[1m^[22m[39m[31m[1m^[22m[39m[31m[1m^[22m[39m[31m[1m^[22m[39m[31m[1m^[22m[39m[31m[1m^[22m[39m[31m[1m^[22m[39m[31m[1m^[22m[39m[31m[1m^[22m[39m[31m[1m^[22m[39m[31m[1m^[22m[39m[31m[1m^[22m[39m[31m[1m^[22m[39m[31m[1m^[22m[39m[31m[1m^[22m[39m[31m[1m^[22m[39m[31m[1m^[22m[39m[31m[1m^[22m[39m[31m[1m^[22m[39m[31m[1m^[22m[39m[31m[1m^[22m[39m[31m[1m^[22m[39m[31m[1m^[22m[39m[31m[1m^[22m[39m[31m[1m^[22m[39m[31m[1m^[22m[39m[31m[1m^[22m[39m[31m[1m^[22m[39m[31m[1m^[22m[39m[31m[1m^[22m[39m[31m[1m^[22m[39m[31m[1m^[22m[39m[31m[1m^[22m[39m[31m[1m^[22m[39m[31m[1m^[22m[39m[31m[1m^[22m[39m[31m[1m^[22m[39m[31m[1m^[22m[39m[31m[1m^[22m[39m[31m[1m^[22m[39m[31m[1m^[22m[39m[31m[1m^[22m[39m[31m[1m^[22m[39m[31m[1m^[22m[39m[31m[1m^[22m[39m[31m[1m^[22m[39m
 [90m 3 |[39m
 [90m 4 |[39m [36mexport[39m [36mconst[39m metadata[33m:[39m [33mMetadata[39m [33m=[39m {
 [90m 5 |[39m   title[33m:[39m [32m'Ultimate Guide to Rent vs Buy Decision Calculation | CostSmart'[39m[33m,[39m[0m

The export default was not found in module [project]/components/blog/BlogLayout.tsx [app-rsc] (ecmascript).
Did you mean to import BlogLayout?
All exports of the module are statically known (It doesn't have dynamic exports). So it's known statically that the requested export doesn't exist.


./app/blog/ultimate-guide-retirement-corpus/page.tsx:2:1
Export default doesn't exist in target module
[0m [90m 1 |[39m [36mimport[39m { [33mMetadata[39m } [36mfrom[39m [32m'next'[39m[33m;[39m
[31m[1m>[22m[39m[90m 2 |[39m [36mimport[39m [33mBlogLayout[39m [36mfrom[39m [32m'@/components/blog/BlogLayout'[39m[33m;[39m
 [90m   |[39m [31m[1m^[22m[39m[31m[1m^[22m[39m[31m[1m^[22m[39m[31m[1m^[22m[39m[31m[1m^[22m[39m[31m[1m^[22m[39m[31m[1m^[22m[39m[31m[1m^[22m[39m[31m[1m^[22m[39m[31m[1m^[22m[39m[31m[1m^[22m[39m[31m[1m^[22m[39m[31m[1m^[22m[39m[31m[1m^[22m[39m[31m[1m^[22m[39m[31m[1m^[22m[39m[31m[1m^[22m[39m[31m[1m^[22m[39m[31m[1m^[22m[39m[31m[1m^[22m[39m[31m[1m^[22m[39m[31m[1m^[22m[39m[31m[1m^[22m[39m[31m[1m^[22m[39m[31m[1m^[22m[39m[31m[1m^[22m[39m[31m[1m^[22m[39m[31m[1m^[22m[39m[31m[1m^[22m[39m[31m[1m^[22m[39m[31m[1m^[22m[39m[31m[1m^[22m[39m[31m[1m^[22m[39m[31m[1m^[22m[39m[31m[1m^[22m[39m[31m[1m^[22m[39m[31m[1m^[22m[39m[31m[1m^[22m[39m[31m[1m^[22m[39m[31m[1m^[22m[39m[31m[1m^[22m[39m[31m[1m^[22m[39m[31m[1m^[22m[39m[31m[1m^[22m[39m[31m[1m^[22m[39m[31m[1m^[22m[39m[31m[1m^[22m[39m[31m[1m^[22m[39m[31m[1m^[22m[39m[31m[1m^[22m[39m[31m[1m^[22m[39m[31m[1m^[22m[39m[31m[1m^[22m[39m[31m[1m^[22m[39m
 [90m 3 |[39m
 [90m 4 |[39m [36mexport[39m [36mconst[39m metadata[33m:[39m [33mMetadata[39m [33m=[39m {
 [90m 5 |[39m   title[33m:[39m [32m'Ultimate Guide to Retirement Corpus Calculation | CostSmart'[39m[33m,[39m[0m

The export default was not found in module [project]/components/blog/BlogLayout.tsx [app-rsc] (ecmascript).
Did you mean to import BlogLayout?
All exports of the module are statically known (It doesn't have dynamic exports). So it's known statically that the requested export doesn't exist.


./app/blog/ultimate-guide-sip-returns/page.tsx:2:1
Export default doesn't exist in target module
[0m [90m 1 |[39m [36mimport[39m { [33mMetadata[39m } [36mfrom[39m [32m'next'[39m[33m;[39m
[31m[1m>[22m[39m[90m 2 |[39m [36mimport[39m [33mBlogLayout[39m [36mfrom[39m [32m'@/components/blog/BlogLayout'[39m[33m;[39m
 [90m   |[39m [31m[1m^[22m[39m[31m[1m^[22m[39m[31m[1m^[22m[39m[31m[1m^[22m[39m[31m[1m^[22m[39m[31m[1m^[22m[39m[31m[1m^[22m[39m[31m[1m^[22m[39m[31m[1m^[22m[39m[31m[1m^[22m[39m[31m[1m^[22m[39m[31m[1m^[22m[39m[31m[1m^[22m[39m[31m[1m^[22m[39m[31m[1m^[22m[39m[31m[1m^[22m[39m[31m[1m^[22m[39m[31m[1m^[22m[39m[31m[1m^[22m[39m[31m[1m^[22m[39m[31m[1m^[22m[39m[31m[1m^[22m[39m[31m[1m^[22m[39m[31m[1m^[22m[39m[31m[1m^[22m[39m[31m[1m^[22m[39m[31m[1m^[22m[39m[31m[1m^[22m[39m[31m[1m^[22m[39m[31m[1m^[22m[39m[31m[1m^[22m[39m[31m[1m^[22m[39m[31m[1m^[22m[39m[31m[1m^[22m[39m[31m[1m^[22m[39m[31m[1m^[22m[39m[31m[1m^[22m[39m[31m[1m^[22m[39m[31m[1m^[22m[39m[31m[1m^[22m[39m[31m[1m^[22m[39m[31m[1m^[22m[39m[31m[1m^[22m[39m[31m[1m^[22m[39m[31m[1m^[22m[39m[31m[1m^[22m[39m[31m[1m^[22m[39m[31m[1m^[22m[39m[31m[1m^[22m[39m[31m[1m^[22m[39m[31m[1m^[22m[39m[31m[1m^[22m[39m[31m[1m^[22m[39m[31m[1m^[22m[39m
 [90m 3 |[39m
 [90m 4 |[39m [36mexport[39m [36mconst[39m metadata[33m:[39m [33mMetadata[39m [33m=[39m {
 [90m 5 |[39m   title[33m:[39m [32m'Ultimate Guide to SIP Returns Calculation | CostSmart'[39m[33m,[39m[0m

The export default was not found in module [project]/components/blog/BlogLayout.tsx [app-rsc] (ecmascript).
Did you mean to import BlogLayout?
All exports of the module are statically known (It doesn't have dynamic exports). So it's known statically that the requested export doesn't exist.


./app/blog/ultimate-guide-solar-savings/page.tsx:2:1
Export default doesn't exist in target module
[0m [90m 1 |[39m [36mimport[39m { [33mMetadata[39m } [36mfrom[39m [32m'next'[39m[33m;[39m
[31m[1m>[22m[39m[90m 2 |[39m [36mimport[39m [33mBlogLayout[39m [36mfrom[39m [32m'@/components/blog/BlogLayout'[39m[33m;[39m
 [90m   |[39m [31m[1m^[22m[39m[31m[1m^[22m[39m[31m[1m^[22m[39m[31m[1m^[22m[39m[31m[1m^[22m[39m[31m[1m^[22m[39m[31m[1m^[22m[39m[31m[1m^[22m[39m[31m[1m^[22m[39m[31m[1m^[22m[39m[31m[1m^[22m[39m[31m[1m^[22m[39m[31m[1m^[22m[39m[31m[1m^[22m[39m[31m[1m^[22m[39m[31m[1m^[22m[39m[31m[1m^[22m[39m[31m[1m^[22m[39m[31m[1m^[22m[39m[31m[1m^[22m[39m[31m[1m^[22m[39m[31m[1m^[22m[39m[31m[1m^[22m[39m[31m[1m^[22m[39m[31m[1m^[22m[39m[31m[1m^[22m[39m[31m[1m^[22m[39m[31m[1m^[22m[39m[31m[1m^[22m[39m[31m[1m^[22m[39m[31m[1m^[22m[39m[31m[1m^[22m[39m[31m[1m^[22m[39m[31m[1m^[22m[39m[31m[1m^[22m[39m[31m[1m^[22m[39m[31m[1m^[22m[39m[31m[1m^[22m[39m[31m[1m^[22m[39m[31m[1m^[22m[39m[31m[1m^[22m[39m[31m[1m^[22m[39m[31m[1m^[22m[39m[31m[1m^[22m[39m[31m[1m^[22m[39m[31m[1m^[22m[39m[31m[1m^[22m[39m[31m[1m^[22m[39m[31m[1m^[22m[39m[31m[1m^[22m[39m[31m[1m^[22m[39m[31m[1m^[22m[39m[31m[1m^[22m[39m[31m[1m^[22m[39m
 [90m 3 |[39m
 [90m 4 |[39m [36mexport[39m [36mconst[39m metadata[33m:[39m [33mMetadata[39m [33m=[39m {
 [90m 5 |[39m   title[33m:[39m [32m'Ultimate Guide to Solar Savings Calculation | CostSmart'[39m[33m,[39m[0m

The export default was not found in module [project]/components/blog/BlogLayout.tsx [app-rsc] (ecmascript).
Did you mean to import BlogLayout?
All exports of the module are statically known (It doesn't have dynamic exports). So it's known statically that the requested export doesn't exist.


./app/blog/ultimate-guide-tds-deduction/page.tsx:2:1
Export default doesn't exist in target module
[0m [90m 1 |[39m [36mimport[39m { [33mMetadata[39m } [36mfrom[39m [32m'next'[39m[33m;[39m
[31m[1m>[22m[39m[90m 2 |[39m [36mimport[39m [33mBlogLayout[39m [36mfrom[39m [32m'@/components/blog/BlogLayout'[39m[33m;[39m
 [90m   |[39m [31m[1m^[22m[39m[31m[1m^[22m[39m[31m[1m^[22m[39m[31m[1m^[22m[39m[31m[1m^[22m[39m[31m[1m^[22m[39m[31m[1m^[22m[39m[31m[1m^[22m[39m[31m[1m^[22m[39m[31m[1m^[22m[39m[31m[1m^[22m[39m[31m[1m^[22m[39m[31m[1m^[22m[39m[31m[1m^[22m[39m[31m[1m^[22m[39m[31m[1m^[22m[39m[31m[1m^[22m[39m[31m[1m^[22m[39m[31m[1m^[22m[39m[31m[1m^[22m[39m[31m[1m^[22m[39m[31m[1m^[22m[39m[31m[1m^[22m[39m[31m[1m^[22m[39m[31m[1m^[22m[39m[31m[1m^[22m[39m[31m[1m^[22m[39m[31m[1m^[22m[39m[31m[1m^[22m[39m[31m[1m^[22m[39m[31m[1m^[22m[39m[31m[1m^[22m[39m[31m[1m^[22m[39m[31m[1m^[22m[39m[31m[1m^[22m[39m[31m[1m^[22m[39m[31m[1m^[22m[39m[31m[1m^[22m[39m[31m[1m^[22m[39m[31m[1m^[22m[39m[31m[1m^[22m[39m[31m[1m^[22m[39m[31m[1m^[22m[39m[31m[1m^[22m[39m[31m[1m^[22m[39m[31m[1m^[22m[39m[31m[1m^[22m[39m[31m[1m^[22m[39m[31m[1m^[22m[39m[31m[1m^[22m[39m[31m[1m^[22m[39m[31m[1m^[22m[39m[31m[1m^[22m[39m[31m[1m^[22m[39m
 [90m 3 |[39m
 [90m 4 |[39m [36mexport[39m [36mconst[39m metadata[33m:[39m [33mMetadata[39m [33m=[39m {
 [90m 5 |[39m   title[33m:[39m [32m'Ultimate Guide to TDS Deduction Calculation | CostSmart'[39m[33m,[39m[0m

The export default was not found in module [project]/components/blog/BlogLayout.tsx [app-rsc] (ecmascript).
Did you mean to import BlogLayout?
All exports of the module are statically known (It doesn't have dynamic exports). So it's known statically that the requested export doesn't exist.


./app/blog/ultimate-guide-volumetric-weight/page.tsx:2:1
Export default doesn't exist in target module
[0m [90m 1 |[39m [36mimport[39m { [33mMetadata[39m } [36mfrom[39m [32m'next'[39m[33m;[39m
[31m[1m>[22m[39m[90m 2 |[39m [36mimport[39m [33mBlogLayout[39m [36mfrom[39m [32m'@/components/blog/BlogLayout'[39m[33m;[39m
 [90m   |[39m [31m[1m^[22m[39m[31m[1m^[22m[39m[31m[1m^[22m[39m[31m[1m^[22m[39m[31m[1m^[22m[39m[31m[1m^[22m[39m[31m[1m^[22m[39m[31m[1m^[22m[39m[31m[1m^[22m[39m[31m[1m^[22m[39m[31m[1m^[22m[39m[31m[1m^[22m[39m[31m[1m^[22m[39m[31m[1m^[22m[39m[31m[1m^[22m[39m[31m[1m^[22m[39m[31m[1m^[22m[39m[31m[1m^[22m[39m[31m[1m^[22m[39m[31m[1m^[22m[39m[31m[1m^[22m[39m[31m[1m^[22m[39m[31m[1m^[22m[39m[31m[1m^[22m[39m[31m[1m^[22m[39m[31m[1m^[22m[39m[31m[1m^[22m[39m[31m[1m^[22m[39m[31m[1m^[22m[39m[31m[1m^[22m[39m[31m[1m^[22m[39m[31m[1m^[22m[39m[31m[1m^[22m[39m[31m[1m^[22m[39m[31m[1m^[22m[39m[31m[1m^[22m[39m[31m[1m^[22m[39m[31m[1m^[22m[39m[31m[1m^[22m[39m[31m[1m^[22m[39m[31m[1m^[22m[39m[31m[1m^[22m[39m[31m[1m^[22m[39m[31m[1m^[22m[39m[31m[1m^[22m[39m[31m[1m^[22m[39m[31m[1m^[22m[39m[31m[1m^[22m[39m[31m[1m^[22m[39m[31m[1m^[22m[39m[31m[1m^[22m[39m[31m[1m^[22m[39m[31m[1m^[22m[39m[31m[1m^[22m[39m
 [90m 3 |[39m
 [90m 4 |[39m [36mexport[39m [36mconst[39m metadata[33m:[39m [33mMetadata[39m [33m=[39m {
 [90m 5 |[39m   title[33m:[39m [32m'Ultimate Guide to Volumetric Weight Calculation | CostSmart'[39m[33m,[39m[0m

The export default was not found in module [project]/components/blog/BlogLayout.tsx [app-rsc] (ecmascript).
Did you mean to import BlogLayout?
All exports of the module are statically known (It doesn't have dynamic exports). So it's known statically that the requested export doesn't exist.


./app/blog/ultimate-guide-water-bill/page.tsx:2:1
Export default doesn't exist in target module
[0m [90m 1 |[39m [36mimport[39m { [33mMetadata[39m } [36mfrom[39m [32m'next'[39m[33m;[39m
[31m[1m>[22m[39m[90m 2 |[39m [36mimport[39m [33mBlogLayout[39m [36mfrom[39m [32m'@/components/blog/BlogLayout'[39m[33m;[39m
 [90m   |[39m [31m[1m^[22m[39m[31m[1m^[22m[39m[31m[1m^[22m[39m[31m[1m^[22m[39m[31m[1m^[22m[39m[31m[1m^[22m[39m[31m[1m^[22m[39m[31m[1m^[22m[39m[31m[1m^[22m[39m[31m[1m^[22m[39m[31m[1m^[22m[39m[31m[1m^[22m[39m[31m[1m^[22m[39m[31m[1m^[22m[39m[31m[1m^[22m[39m[31m[1m^[22m[39m[31m[1m^[22m[39m[31m[1m^[22m[39m[31m[1m^[22m[39m[31m[1m^[22m[39m[31m[1m^[22m[39m[31m[1m^[22m[39m[31m[1m^[22m[39m[31m[1m^[22m[39m[31m[1m^[22m[39m[31m[1m^[22m[39m[31m[1m^[22m[39m[31m[1m^[22m[39m[31m[1m^[22m[39m[31m[1m^[22m[39m[31m[1m^[22m[39m[31m[1m^[22m[39m[31m[1m^[22m[39m[31m[1m^[22m[39m[31m[1m^[22m[39m[31m[1m^[22m[39m[31m[1m^[22m[39m[31m[1m^[22m[39m[31m[1m^[22m[39m[31m[1m^[22m[39m[31m[1m^[22m[39m[31m[1m^[22m[39m[31m[1m^[22m[39m[31m[1m^[22m[39m[31m[1m^[22m[39m[31m[1m^[22m[39m[31m[1m^[22m[39m[31m[1m^[22m[39m[31m[1m^[22m[39m[31m[1m^[22m[39m[31m[1m^[22m[39m[31m[1m^[22m[39m[31m[1m^[22m[39m[31m[1m^[22m[39m
 [90m 3 |[39m
 [90m 4 |[39m [36mexport[39m [36mconst[39m metadata[33m:[39m [33mMetadata[39m [33m=[39m {
 [90m 5 |[39m   title[33m:[39m [32m'Ultimate Guide to Water Bill Calculation | CostSmart'[39m[33m,[39m[0m

The export default was not found in module [project]/components/blog/BlogLayout.tsx [app-rsc] (ecmascript).
Did you mean to import BlogLayout?
All exports of the module are statically known (It doesn't have dynamic exports). So it's known statically that the requested export doesn't exist.


    at <unknown> (./app/blog/how-to-use-break-even-calculator/page.tsx:2:1)
    at <unknown> (./app/blog/how-to-use-business-loan-calculator/page.tsx:2:1)
    at <unknown> (./app/blog/how-to-use-currency-converter/page.tsx:2:1)
    at <unknown> (./app/blog/how-to-use-debt-payoff-calculator/page.tsx:2:1)
    at <unknown> (./app/blog/how-to-use-electricity-bill-calculator/page.tsx:2:1)
    at <unknown> (./app/blog/how-to-use-emergency-fund-calculator/page.tsx:2:1)
    at <unknown> (./app/blog/how-to-use-emi-calculator/page.tsx:2:1)
    at <unknown> (./app/blog/how-to-use-fd-calculator/page.tsx:2:1)
    at <unknown> (./app/blog/how-to-use-freelance-rate-calculator/page.tsx:2:1)
    at <unknown> (./app/blog/how-to-use-gst-calculator/page.tsx:2:1)
    at <unknown> (./app/blog/how-to-use-gst-input-credit-calculator/page.tsx:2:1)
    at <unknown> (./app/blog/how-to-use-home-loan-calculator/page.tsx:2:1)
    at <unknown> (./app/blog/how-to-use-import-duty-calculator/page.tsx:2:1)
    at <unknown> (./app/blog/how-to-use-income-tax-calculator/page.tsx:2:1)
    at <unknown> (./app/blog/how-to-use-invoice-generator/page.tsx:2:1)
    at <unknown> (./app/blog/how-to-use-lpg-subsidy-calculator/page.tsx:2:1)
    at <unknown> (./app/blog/how-to-use-ppf-calculator/page.tsx:2:1)
    at <unknown> (./app/blog/how-to-use-profit-margin-calculator/page.tsx:2:1)
    at <unknown> (./app/blog/how-to-use-property-tax-calculator/page.tsx:2:1)
    at <unknown> (./app/blog/how-to-use-rent-vs-buy-calculator/page.tsx:2:1)
    at <unknown> (./app/blog/how-to-use-retirement-calculator/page.tsx:2:1)
    at <unknown> (./app/blog/how-to-use-salary-calculator/page.tsx:2:1)
    at <unknown> (./app/blog/how-to-use-shipping-cost-calculator/page.tsx:2:1)
    at <unknown> (./app/blog/how-to-use-sip-calculator/page.tsx:2:1)
    at <unknown> (./app/blog/how-to-use-solar-roi-calculator/page.tsx:2:1)
    at <unknown> (./app/blog/how-to-use-stamp-duty-calculator/page.tsx:2:1)
    at <unknown> (./app/blog/how-to-use-tds-calculator/page.tsx:2:1)
    at <unknown> (./app/blog/how-to-use-water-bill-calculator/page.tsx:2:1)
    at <unknown> (./app/blog/ultimate-guide-break-even-point/page.tsx:2:1)
    at <unknown> (./app/blog/ultimate-guide-business-loan-emi/page.tsx:2:1)
    at <unknown> (./app/blog/ultimate-guide-currency-exchange/page.tsx:2:1)
    at <unknown> (./app/blog/ultimate-guide-debt-free-date/page.tsx:2:1)
    at <unknown> (./app/blog/ultimate-guide-electricity-bill/page.tsx:2:1)
    at <unknown> (./app/blog/ultimate-guide-emergency-fund/page.tsx:2:1)
    at <unknown> (./app/blog/ultimate-guide-fixed-deposit-interest/page.tsx:2:1)
    at <unknown> (./app/blog/ultimate-guide-freelance-hourly-rate/page.tsx:2:1)
    at <unknown> (./app/blog/ultimate-guide-gst-amount/page.tsx:2:1)
    at <unknown> (./app/blog/ultimate-guide-home-loan-emi/page.tsx:2:1)
    at <unknown> (./app/blog/ultimate-guide-import-duty/page.tsx:2:1)
    at <unknown> (./app/blog/ultimate-guide-in-hand-salary/page.tsx:2:1)
    at <unknown> (./app/blog/ultimate-guide-income-tax-liability/page.tsx:2:1)
    at <unknown> (./app/blog/ultimate-guide-loan-emi/page.tsx:2:1)
    at <unknown> (./app/blog/ultimate-guide-lpg-subsidy/page.tsx:2:1)
    at <unknown> (./app/blog/ultimate-guide-net-gst-payable/page.tsx:2:1)
    at <unknown> (./app/blog/ultimate-guide-ppf-maturity/page.tsx:2:1)
    at <unknown> (./app/blog/ultimate-guide-professional-invoice/page.tsx:2:1)
    at <unknown> (./app/blog/ultimate-guide-profit-margin/page.tsx:2:1)
    at <unknown> (./app/blog/ultimate-guide-property-registration-cost/page.tsx:2:1)
    at <unknown> (./app/blog/ultimate-guide-property-tax/page.tsx:2:1)
    at <unknown> (./app/blog/ultimate-guide-rent-vs-buy-decision/page.tsx:2:1)
    at <unknown> (./app/blog/ultimate-guide-retirement-corpus/page.tsx:2:1)
    at <unknown> (./app/blog/ultimate-guide-sip-returns/page.tsx:2:1)
    at <unknown> (./app/blog/ultimate-guide-solar-savings/page.tsx:2:1)
    at <unknown> (./app/blog/ultimate-guide-tds-deduction/page.tsx:2:1)
    at <unknown> (./app/blog/ultimate-guide-volumetric-weight/page.tsx:2:1)
    at <unknown> (./app/blog/ultimate-guide-water-bill/page.tsx:2:1)
 ELIFECYCLE  Command failed with exit code 1.
